BL51 BANKED LINKER/LOCATER V5.03                                                        03/14/2014  17:09:35  PAGE 1


BL51 BANKED LINKER/LOCATER V5.03, INVOKED BY:
C:\KEIL\C51\BIN\BL51.EXE FW.obj, fifo.obj, .\target\lib\FX2\Ezusb.lib, .\target\lib\FX2\USBJmpTb.OBJ, dscr.obj TO slavef
>> ifo RAMSIZE (256) CODE (0X0080) XDATA (0X1800)


MEMORY MODEL: SMALL


INPUT MODULES INCLUDED:
  FW.obj (FW)
  fifo.obj (FIFO)
  .\target\lib\FX2\Ezusb.lib (RESUME)
  .\target\lib\FX2\Ezusb.lib (SUSP)
  .\target\lib\FX2\Ezusb.lib (DISCON)
  .\target\lib\FX2\Ezusb.lib (DELAY)
  .\target\lib\FX2\Ezusb.lib (EZREGS)
  .\target\lib\FX2\Ezusb.lib (GET_STRD)
  .\target\lib\FX2\Ezusb.lib (DELAY1MS)
  .\target\lib\FX2\USBJmpTb.OBJ (USBJMPTBL)
  dscr.obj (DSCR)
  C:\KEIL\C51\LIB\C51S.LIB (?C_STARTUP)
  C:\KEIL\C51\LIB\C51S.LIB (?C?ULCMP)


LINK MAP OF MODULE:  slavefifo (FW)


            TYPE    BASE      LENGTH    RELOCATION   SEGMENT NAME
            -----------------------------------------------------

            * * * * * * *   D A T A   M E M O R Y   * * * * * * *
            REG     0000H     0008H     ABSOLUTE     "REG BANK 0"
            DATA    0008H     0013H     UNIT         _DATA_GROUP_
            DATA    001BH     0002H     UNIT         ?DT?FIFO
                    001DH     0003H                  *** GAP ***
            BIT     0020H.0   0000H.4   UNIT         ?BI?FW
            BIT     0020H.4   0000H.1   UNIT         ?BI?FIFO
            BIT     0020H.5   0000H.1   UNIT         _BIT_GROUP_
                    0020H.6   0000H.2                *** GAP ***
            DATA    0021H     000EH     UNIT         ?DT?FW
            IDATA   002FH     0001H     UNIT         ?STACK

            * * * * * * *  X D A T A   M E M O R Y  * * * * * * *
                    0000H     E400H                  *** GAP ***
            XDATA   E400H     0001H     ABSOLUTE     
                    E401H     007FH                  *** GAP ***
            XDATA   E480H     0001H     ABSOLUTE     
                    E481H     017FH                  *** GAP ***
            XDATA   E600H     0001H     ABSOLUTE     
            XDATA   E601H     0001H     ABSOLUTE     
            XDATA   E602H     0001H     ABSOLUTE     
            XDATA   E603H     0001H     ABSOLUTE     
            XDATA   E604H     0001H     ABSOLUTE     
            XDATA   E605H     0001H     ABSOLUTE     
            XDATA   E606H     0001H     ABSOLUTE     
            XDATA   E607H     0001H     ABSOLUTE     
            XDATA   E608H     0001H     ABSOLUTE     
            XDATA   E609H     0001H     ABSOLUTE     
BL51 BANKED LINKER/LOCATER V5.03                                                      03/14/2014  17:09:35  PAGE 2


            XDATA   E60AH     0001H     ABSOLUTE     
            XDATA   E60BH     0001H     ABSOLUTE     
            XDATA   E60CH     0001H     ABSOLUTE     
                    E60DH     0003H                  *** GAP ***
            XDATA   E610H     0001H     ABSOLUTE     
            XDATA   E611H     0001H     ABSOLUTE     
            XDATA   E612H     0001H     ABSOLUTE     
            XDATA   E613H     0001H     ABSOLUTE     
            XDATA   E614H     0001H     ABSOLUTE     
            XDATA   E615H     0001H     ABSOLUTE     
                    E616H     0002H                  *** GAP ***
            XDATA   E618H     0001H     ABSOLUTE     
            XDATA   E619H     0001H     ABSOLUTE     
            XDATA   E61AH     0001H     ABSOLUTE     
            XDATA   E61BH     0001H     ABSOLUTE     
                    E61CH     0004H                  *** GAP ***
            XDATA   E620H     0001H     ABSOLUTE     
            XDATA   E621H     0001H     ABSOLUTE     
            XDATA   E622H     0001H     ABSOLUTE     
            XDATA   E623H     0001H     ABSOLUTE     
            XDATA   E624H     0001H     ABSOLUTE     
            XDATA   E625H     0001H     ABSOLUTE     
            XDATA   E626H     0001H     ABSOLUTE     
            XDATA   E627H     0001H     ABSOLUTE     
                    E628H     0008H                  *** GAP ***
            XDATA   E630H     0001H     ABSOLUTE     
            XDATA   E631H     0001H     ABSOLUTE     
            XDATA   E632H     0001H     ABSOLUTE     
            XDATA   E633H     0001H     ABSOLUTE     
            XDATA   E634H     0001H     ABSOLUTE     
            XDATA   E635H     0001H     ABSOLUTE     
            XDATA   E636H     0001H     ABSOLUTE     
            XDATA   E637H     0001H     ABSOLUTE     
                    E638H     0008H                  *** GAP ***
            XDATA   E640H     0001H     ABSOLUTE     
            XDATA   E641H     0001H     ABSOLUTE     
            XDATA   E642H     0001H     ABSOLUTE     
            XDATA   E643H     0001H     ABSOLUTE     
                    E644H     0004H                  *** GAP ***
            XDATA   E648H     0001H     ABSOLUTE     
            XDATA   E649H     0001H     ABSOLUTE     
                    E64AH     0006H                  *** GAP ***
            XDATA   E650H     0001H     ABSOLUTE     
            XDATA   E651H     0001H     ABSOLUTE     
            XDATA   E652H     0001H     ABSOLUTE     
            XDATA   E653H     0001H     ABSOLUTE     
            XDATA   E654H     0001H     ABSOLUTE     
            XDATA   E655H     0001H     ABSOLUTE     
            XDATA   E656H     0001H     ABSOLUTE     
            XDATA   E657H     0001H     ABSOLUTE     
            XDATA   E658H     0001H     ABSOLUTE     
            XDATA   E659H     0001H     ABSOLUTE     
            XDATA   E65AH     0001H     ABSOLUTE     
            XDATA   E65BH     0001H     ABSOLUTE     
            XDATA   E65CH     0001H     ABSOLUTE     
            XDATA   E65DH     0001H     ABSOLUTE     
            XDATA   E65EH     0001H     ABSOLUTE     
BL51 BANKED LINKER/LOCATER V5.03                                                      03/14/2014  17:09:35  PAGE 3


            XDATA   E65FH     0001H     ABSOLUTE     
            XDATA   E660H     0001H     ABSOLUTE     
            XDATA   E661H     0001H     ABSOLUTE     
            XDATA   E662H     0001H     ABSOLUTE     
            XDATA   E663H     0001H     ABSOLUTE     
            XDATA   E664H     0001H     ABSOLUTE     
            XDATA   E665H     0001H     ABSOLUTE     
            XDATA   E666H     0001H     ABSOLUTE     
            XDATA   E667H     0001H     ABSOLUTE     
            XDATA   E668H     0001H     ABSOLUTE     
                    E669H     0007H                  *** GAP ***
            XDATA   E670H     0001H     ABSOLUTE     
            XDATA   E671H     0001H     ABSOLUTE     
            XDATA   E672H     0001H     ABSOLUTE     
                    E673H     0005H                  *** GAP ***
            XDATA   E678H     0001H     ABSOLUTE     
            XDATA   E679H     0001H     ABSOLUTE     
            XDATA   E67AH     0001H     ABSOLUTE     
            XDATA   E67BH     0001H     ABSOLUTE     
            XDATA   E67CH     0001H     ABSOLUTE     
            XDATA   E67DH     0001H     ABSOLUTE     
            XDATA   E67EH     0001H     ABSOLUTE     
            XDATA   E67FH     0001H     ABSOLUTE     
            XDATA   E680H     0001H     ABSOLUTE     
            XDATA   E681H     0001H     ABSOLUTE     
            XDATA   E682H     0001H     ABSOLUTE     
            XDATA   E683H     0001H     ABSOLUTE     
            XDATA   E684H     0001H     ABSOLUTE     
            XDATA   E685H     0001H     ABSOLUTE     
            XDATA   E686H     0001H     ABSOLUTE     
            XDATA   E687H     0001H     ABSOLUTE     
                    E688H     0002H                  *** GAP ***
            XDATA   E68AH     0001H     ABSOLUTE     
            XDATA   E68BH     0001H     ABSOLUTE     
                    E68CH     0001H                  *** GAP ***
            XDATA   E68DH     0001H     ABSOLUTE     
                    E68EH     0001H                  *** GAP ***
            XDATA   E68FH     0001H     ABSOLUTE     
            XDATA   E690H     0001H     ABSOLUTE     
            XDATA   E691H     0001H     ABSOLUTE     
                    E692H     0002H                  *** GAP ***
            XDATA   E694H     0001H     ABSOLUTE     
            XDATA   E695H     0001H     ABSOLUTE     
                    E696H     0002H                  *** GAP ***
            XDATA   E698H     0001H     ABSOLUTE     
            XDATA   E699H     0001H     ABSOLUTE     
                    E69AH     0002H                  *** GAP ***
            XDATA   E69CH     0001H     ABSOLUTE     
            XDATA   E69DH     0001H     ABSOLUTE     
                    E69EH     0002H                  *** GAP ***
            XDATA   E6A0H     0001H     ABSOLUTE     
            XDATA   E6A1H     0001H     ABSOLUTE     
            XDATA   E6A2H     0001H     ABSOLUTE     
            XDATA   E6A3H     0001H     ABSOLUTE     
            XDATA   E6A4H     0001H     ABSOLUTE     
            XDATA   E6A5H     0001H     ABSOLUTE     
            XDATA   E6A6H     0001H     ABSOLUTE     
BL51 BANKED LINKER/LOCATER V5.03                                                      03/14/2014  17:09:35  PAGE 4


            XDATA   E6A7H     0001H     ABSOLUTE     
            XDATA   E6A8H     0001H     ABSOLUTE     
            XDATA   E6A9H     0001H     ABSOLUTE     
            XDATA   E6AAH     0001H     ABSOLUTE     
            XDATA   E6ABH     0001H     ABSOLUTE     
            XDATA   E6ACH     0001H     ABSOLUTE     
            XDATA   E6ADH     0001H     ABSOLUTE     
            XDATA   E6AEH     0001H     ABSOLUTE     
            XDATA   E6AFH     0001H     ABSOLUTE     
            XDATA   E6B0H     0001H     ABSOLUTE     
            XDATA   E6B1H     0001H     ABSOLUTE     
            XDATA   E6B2H     0001H     ABSOLUTE     
            XDATA   E6B3H     0001H     ABSOLUTE     
            XDATA   E6B4H     0001H     ABSOLUTE     
            XDATA   E6B5H     0001H     ABSOLUTE     
                    E6B6H     0002H                  *** GAP ***
            XDATA   E6B8H     0008H     ABSOLUTE     
            XDATA   E6C0H     0001H     ABSOLUTE     
            XDATA   E6C1H     0001H     ABSOLUTE     
            XDATA   E6C2H     0001H     ABSOLUTE     
            XDATA   E6C3H     0001H     ABSOLUTE     
            XDATA   E6C4H     0001H     ABSOLUTE     
            XDATA   E6C5H     0001H     ABSOLUTE     
            XDATA   E6C6H     0001H     ABSOLUTE     
            XDATA   E6C7H     0001H     ABSOLUTE     
            XDATA   E6C8H     0001H     ABSOLUTE     
            XDATA   E6C9H     0001H     ABSOLUTE     
            XDATA   E6CAH     0001H     ABSOLUTE     
            XDATA   E6CBH     0001H     ABSOLUTE     
            XDATA   E6CCH     0001H     ABSOLUTE     
            XDATA   E6CDH     0001H     ABSOLUTE     
            XDATA   E6CEH     0001H     ABSOLUTE     
            XDATA   E6CFH     0001H     ABSOLUTE     
            XDATA   E6D0H     0001H     ABSOLUTE     
            XDATA   E6D1H     0001H     ABSOLUTE     
            XDATA   E6D2H     0001H     ABSOLUTE     
            XDATA   E6D3H     0001H     ABSOLUTE     
            XDATA   E6D4H     0001H     ABSOLUTE     
                    E6D5H     0005H                  *** GAP ***
            XDATA   E6DAH     0001H     ABSOLUTE     
            XDATA   E6DBH     0001H     ABSOLUTE     
            XDATA   E6DCH     0001H     ABSOLUTE     
                    E6DDH     0005H                  *** GAP ***
            XDATA   E6E2H     0001H     ABSOLUTE     
            XDATA   E6E3H     0001H     ABSOLUTE     
            XDATA   E6E4H     0001H     ABSOLUTE     
                    E6E5H     0005H                  *** GAP ***
            XDATA   E6EAH     0001H     ABSOLUTE     
            XDATA   E6EBH     0001H     ABSOLUTE     
            XDATA   E6ECH     0001H     ABSOLUTE     
                    E6EDH     0003H                  *** GAP ***
            XDATA   E6F0H     0001H     ABSOLUTE     
            XDATA   E6F1H     0001H     ABSOLUTE     
            XDATA   E6F2H     0001H     ABSOLUTE     
            XDATA   E6F3H     0001H     ABSOLUTE     
            XDATA   E6F4H     0001H     ABSOLUTE     
            XDATA   E6F5H     0001H     ABSOLUTE     
BL51 BANKED LINKER/LOCATER V5.03                                                      03/14/2014  17:09:35  PAGE 5


                    E6F6H     0002H                  *** GAP ***
            XDATA   E6F8H     0001H     ABSOLUTE     
            XDATA   E6F9H     0001H     ABSOLUTE     
            XDATA   E6FAH     0001H     ABSOLUTE     
            XDATA   E6FBH     0001H     ABSOLUTE     
            XDATA   E6FCH     0001H     ABSOLUTE     
            XDATA   E6FDH     0001H     ABSOLUTE     
            XDATA   E6FEH     0001H     ABSOLUTE     
                    E6FFH     0041H                  *** GAP ***
            XDATA   E740H     0040H     ABSOLUTE     
            XDATA   E780H     0040H     ABSOLUTE     
            XDATA   E7C0H     0040H     ABSOLUTE     
                    E800H     0800H                  *** GAP ***
            XDATA   F000H     0400H     ABSOLUTE     
            XDATA   F400H     0400H     ABSOLUTE     
            XDATA   F800H     0400H     ABSOLUTE     
            XDATA   FC00H     0400H     ABSOLUTE     

            * * * * * * *   C O D E   M E M O R Y   * * * * * * *
            CODE    0000H     0003H     ABSOLUTE     
                    0003H     0030H                  *** GAP ***
            CODE    0033H     0003H     ABSOLUTE     
                    0036H     000DH                  *** GAP ***
            CODE    0043H     0003H     ABSOLUTE     
                    0046H     000DH                  *** GAP ***
            CODE    0053H     0003H     ABSOLUTE     
                    0056H     002AH                  *** GAP ***
            CODE    0080H     000CH     UNIT         ?C_C51STARTUP
            CODE    008CH     0004H     UNIT         ?PR?RESUME_ISR?FW
            CODE    0090H     008AH     ABSOLUTE     
            CODE    011AH     029AH     UNIT         ?PR?SETUPCOMMAND?FW
            CODE    03B4H     01DAH     UNIT         ?PR?MAIN?FW
            CODE    058EH     00F4H     UNIT         ?PR?DR_VENDORCMND?FIFO
            CODE    0682H     00CDH     UNIT         ?PR?TD_INIT?FIFO
            CODE    074FH     0046H     UNIT         ?PR?_EZUSB_DELAY?DELAY
            CODE    0795H     0037H     UNIT         ?PR?ISR_URES?FIFO
            CODE    07CCH     0033H     UNIT         ?PR?DR_SETCONFIGURATION?FIFO
            CODE    07FFH     0001H     UNIT         ?PR?TD_POLL?FIFO
            CODE    0800H     00B8H     PAGE         ?PR?USB_JUMP_TABLE?USBJT
            CODE    08B8H     0037H     UNIT         ?PR?ISR_HIGHSPEED?FIFO
            CODE    08EFH     002FH     UNIT         ?PR?VENDORRESETDEVICE?FIFO
            CODE    091EH     002FH     UNIT         ?PR?EZUSB_DISCON?DISCON
            CODE    094DH     002CH     UNIT         ?PR?EZUSB_RESUME?RESUME
            CODE    0979H     002CH     UNIT         ?PR?_EZUSB_GETSTRINGDSCR?GET_STRD
            CODE    09A5H     0025H     UNIT         EZUSB
            CODE    09CAH     0018H     UNIT         ?PR?ISR_SUDAV?FIFO
            CODE    09E2H     0018H     UNIT         ?PR?ISR_SUSP?FIFO
            CODE    09FAH     0016H     UNIT         ?PR?ISR_SUTOK?FIFO
            CODE    0A10H     0016H     UNIT         ?PR?ISR_SOF?FIFO
            CODE    0A26H     0012H     UNIT         ?PR?DR_GETCONFIGURATION?FIFO
            CODE    0A38H     0012H     UNIT         ?PR?DR_GETINTERFACE?FIFO
            CODE    0A4AH     0011H     UNIT         ?C?LIB_CODE
            CODE    0A5BH     000AH     UNIT         ?CO?FW
            CODE    0A65H     0008H     UNIT         ?PR?DR_SETINTERFACE?FIFO
            CODE    0A6DH     0002H     UNIT         ?PR?TD_SUSPEND?FIFO
            CODE    0A6FH     0002H     UNIT         ?PR?TD_RESUME?FIFO
            CODE    0A71H     0002H     UNIT         ?PR?DR_GETDESCRIPTOR?FIFO
BL51 BANKED LINKER/LOCATER V5.03                                                      03/14/2014  17:09:35  PAGE 6


            CODE    0A73H     0002H     UNIT         ?PR?DR_GETSTATUS?FIFO
            CODE    0A75H     0002H     UNIT         ?PR?DR_CLEARFEATURE?FIFO
            CODE    0A77H     0002H     UNIT         ?PR?DR_SETFEATURE?FIFO
            CODE    0A79H     0001H     UNIT         ?PR?ISR_EP0ACK?FIFO
            CODE    0A7AH     0001H     UNIT         ?PR?ISR_STUB?FIFO
            CODE    0A7BH     0001H     UNIT         ?PR?ISR_EP0IN?FIFO
            CODE    0A7CH     0001H     UNIT         ?PR?ISR_EP0OUT?FIFO
            CODE    0A7DH     0001H     UNIT         ?PR?ISR_EP1IN?FIFO
            CODE    0A7EH     0001H     UNIT         ?PR?ISR_EP1OUT?FIFO
            CODE    0A7FH     0001H     UNIT         ?PR?ISR_EP2INOUT?FIFO
            CODE    0A80H     0001H     UNIT         ?PR?ISR_EP4INOUT?FIFO
            CODE    0A81H     0001H     UNIT         ?PR?ISR_EP6INOUT?FIFO
            CODE    0A82H     0001H     UNIT         ?PR?ISR_EP8INOUT?FIFO
            CODE    0A83H     0001H     UNIT         ?PR?ISR_IBN?FIFO
            CODE    0A84H     0001H     UNIT         ?PR?ISR_EP0PINGNAK?FIFO
            CODE    0A85H     0001H     UNIT         ?PR?ISR_EP1PINGNAK?FIFO
            CODE    0A86H     0001H     UNIT         ?PR?ISR_EP2PINGNAK?FIFO
            CODE    0A87H     0001H     UNIT         ?PR?ISR_EP4PINGNAK?FIFO
            CODE    0A88H     0001H     UNIT         ?PR?ISR_EP6PINGNAK?FIFO
            CODE    0A89H     0001H     UNIT         ?PR?ISR_EP8PINGNAK?FIFO
            CODE    0A8AH     0001H     UNIT         ?PR?ISR_ERRORLIMIT?FIFO
            CODE    0A8BH     0001H     UNIT         ?PR?ISR_EP2PIDERROR?FIFO
            CODE    0A8CH     0001H     UNIT         ?PR?ISR_EP4PIDERROR?FIFO
            CODE    0A8DH     0001H     UNIT         ?PR?ISR_EP6PIDERROR?FIFO
            CODE    0A8EH     0001H     UNIT         ?PR?ISR_EP8PIDERROR?FIFO
            CODE    0A8FH     0001H     UNIT         ?PR?ISR_EP2PFLAG?FIFO
            CODE    0A90H     0001H     UNIT         ?PR?ISR_EP4PFLAG?FIFO
            CODE    0A91H     0001H     UNIT         ?PR?ISR_EP6PFLAG?FIFO
            CODE    0A92H     0001H     UNIT         ?PR?ISR_EP8PFLAG?FIFO
            CODE    0A93H     0001H     UNIT         ?PR?ISR_EP2EFLAG?FIFO
            CODE    0A94H     0001H     UNIT         ?PR?ISR_EP4EFLAG?FIFO
            CODE    0A95H     0001H     UNIT         ?PR?ISR_EP6EFLAG?FIFO
            CODE    0A96H     0001H     UNIT         ?PR?ISR_EP8EFLAG?FIFO
            CODE    0A97H     0001H     UNIT         ?PR?ISR_EP2FFLAG?FIFO
            CODE    0A98H     0001H     UNIT         ?PR?ISR_EP4FFLAG?FIFO
            CODE    0A99H     0001H     UNIT         ?PR?ISR_EP6FFLAG?FIFO
            CODE    0A9AH     0001H     UNIT         ?PR?ISR_EP8FFLAG?FIFO
            CODE    0A9BH     0001H     UNIT         ?PR?ISR_GPIFCOMPLETE?FIFO
            CODE    0A9CH     0001H     UNIT         ?PR?ISR_GPIFWAVEFORM?FIFO



OVERLAY MAP OF MODULE:   slavefifo (FW)


SEGMENT                                      BIT_GROUP          DATA_GROUP 
  +--> CALLED SEGMENT                     START    LENGTH     START    LENGTH
-----------------------------------------------------------------------------
?PR?USB_JUMP_TABLE?USBJT                  -----    -----      -----    -----
  +--> ?PR?ISR_SUDAV?FIFO
  +--> ?PR?ISR_SOF?FIFO
  +--> ?PR?ISR_SUTOK?FIFO
  +--> ?PR?ISR_SUSP?FIFO
  +--> ?PR?ISR_URES?FIFO
  +--> ?PR?ISR_HIGHSPEED?FIFO
  +--> ?PR?ISR_EP0ACK?FIFO
  +--> ?PR?ISR_STUB?FIFO
BL51 BANKED LINKER/LOCATER V5.03                                                      03/14/2014  17:09:35  PAGE 7


  +--> ?PR?ISR_EP0IN?FIFO
  +--> ?PR?ISR_EP0OUT?FIFO
  +--> ?PR?ISR_EP1IN?FIFO
  +--> ?PR?ISR_EP1OUT?FIFO
  +--> ?PR?ISR_EP2INOUT?FIFO
  +--> ?PR?ISR_EP4INOUT?FIFO
  +--> ?PR?ISR_EP6INOUT?FIFO
  +--> ?PR?ISR_EP8INOUT?FIFO
  +--> ?PR?ISR_IBN?FIFO
  +--> ?PR?ISR_EP0PINGNAK?FIFO
  +--> ?PR?ISR_EP1PINGNAK?FIFO
  +--> ?PR?ISR_EP2PINGNAK?FIFO
  +--> ?PR?ISR_EP4PINGNAK?FIFO
  +--> ?PR?ISR_EP6PINGNAK?FIFO
  +--> ?PR?ISR_EP8PINGNAK?FIFO
  +--> ?PR?ISR_ERRORLIMIT?FIFO
  +--> ?PR?ISR_EP2PIDERROR?FIFO
  +--> ?PR?ISR_EP4PIDERROR?FIFO
  +--> ?PR?ISR_EP6PIDERROR?FIFO
  +--> ?PR?ISR_EP8PIDERROR?FIFO
  +--> ?PR?ISR_EP2PFLAG?FIFO
  +--> ?PR?ISR_EP4PFLAG?FIFO
  +--> ?PR?ISR_EP6PFLAG?FIFO
  +--> ?PR?ISR_EP8PFLAG?FIFO
  +--> ?PR?ISR_EP2EFLAG?FIFO
  +--> ?PR?ISR_EP4EFLAG?FIFO
  +--> ?PR?ISR_EP6EFLAG?FIFO
  +--> ?PR?ISR_EP8EFLAG?FIFO
  +--> ?PR?ISR_EP2FFLAG?FIFO
  +--> ?PR?ISR_EP4FFLAG?FIFO
  +--> ?PR?ISR_EP6FFLAG?FIFO
  +--> ?PR?ISR_EP8FFLAG?FIFO
  +--> ?PR?ISR_GPIFCOMPLETE?FIFO
  +--> ?PR?ISR_GPIFWAVEFORM?FIFO

*** NEW ROOT ***************************************************

?C_C51STARTUP                             -----    -----      -----    -----
  +--> ?PR?MAIN?FW

?PR?MAIN?FW                               -----    -----      0008H    0010H
  +--> ?PR?TD_INIT?FIFO
  +--> ?PR?EZUSB_DISCON?DISCON
  +--> ?PR?SETUPCOMMAND?FW
  +--> ?PR?TD_SUSPEND?FIFO
  +--> ?PR?EZUSB_RESUME?RESUME
  +--> ?PR?TD_RESUME?FIFO
  +--> ?PR?TD_POLL?FIFO

?PR?EZUSB_DISCON?DISCON                   0020H.5  0000H.1    -----    -----
  +--> ?PR?_EZUSB_DELAY?DELAY

?PR?_EZUSB_DELAY?DELAY                    -----    -----      0019H    0002H

?PR?SETUPCOMMAND?FW                       -----    -----      -----    -----
  +--> ?PR?DR_GETDESCRIPTOR?FIFO
  +--> ?PR?_EZUSB_GETSTRINGDSCR?GET_STRD
BL51 BANKED LINKER/LOCATER V5.03                                                      03/14/2014  17:09:35  PAGE 8


  +--> ?PR?DR_GETINTERFACE?FIFO
  +--> ?PR?DR_SETINTERFACE?FIFO
  +--> ?PR?DR_SETCONFIGURATION?FIFO
  +--> ?PR?DR_GETCONFIGURATION?FIFO
  +--> ?PR?DR_GETSTATUS?FIFO
  +--> ?CO?FW
  +--> ?PR?DR_CLEARFEATURE?FIFO
  +--> ?PR?DR_SETFEATURE?FIFO
  +--> ?PR?DR_VENDORCMND?FIFO

?PR?DR_VENDORCMND?FIFO                    -----    -----      -----    -----
  +--> ?PR?VENDORRESETDEVICE?FIFO

?PR?VENDORRESETDEVICE?FIFO                -----    -----      0018H    0001H
  +--> ?PR?_EZUSB_DELAY?DELAY

?PR?EZUSB_RESUME?RESUME                   -----    -----      -----    -----
  +--> ?PR?_EZUSB_DELAY?DELAY



SYMBOL TABLE OF MODULE:  slavefifo (FW)

  VALUE           TYPE          NAME
  ----------------------------------

  -------         MODULE        FW
  C:0000H         SYMBOL        _ICE_DUMMY_
  B:00A8H.7       PUBLIC        EA
  B:0020H.0       PUBLIC        Rwuen
  B:0020H.1       PUBLIC        GotSUD
  C:0A5BH         PUBLIC        EPCS_Offset_Lookup_Table
  C:03B4H         PUBLIC        main
  B:00E8H.0       PUBLIC        EUSB
  C:008CH         PUBLIC        resume_isr
  D:0021H         PUBLIC        pHighSpeedConfigDscr
  D:0023H         PUBLIC        pDeviceDscr
  C:011AH         PUBLIC        SetupCommand
  D:0025H         PUBLIC        pConfigDscr
  D:0027H         PUBLIC        pOtherConfigDscr
  D:0029H         PUBLIC        pFullSpeedConfigDscr
  B:0020H.2       PUBLIC        Selfpwr
  D:002BH         PUBLIC        pDeviceQualDscr
  D:00D8H         PUBLIC        EICON
  D:008EH         PUBLIC        CKCON
  D:002DH         PUBLIC        pStringDscr
  B:0020H.3       PUBLIC        Sleep
  -------         PROC          MAIN
  -------         DO            
  D:0008H         SYMBOL        i
  D:0006H         SYMBOL        offset
  D:000CH         SYMBOL        DevDescrLen
  D:0010H         SYMBOL        j
  D:0014H         SYMBOL        IntDescrAddr
  D:0016H         SYMBOL        ExtDescrAddr
  -------         ENDDO         
  C:03B4H         LINE#         106
BL51 BANKED LINKER/LOCATER V5.03                                                      03/14/2014  17:09:35  PAGE 9


  C:03B4H         LINE#         107
  C:03B4H         LINE#         111
  C:03BDH         LINE#         116
  C:03BFH         LINE#         117
  C:03C1H         LINE#         118
  C:03C3H         LINE#         119
  C:03C5H         LINE#         124
  C:03C8H         LINE#         132
  C:03D0H         LINE#         133
  C:03D6H         LINE#         134
  C:03DCH         LINE#         135
  C:03E2H         LINE#         136
  C:03E8H         LINE#         138
  C:03EFH         LINE#         139
  C:03EFH         LINE#         140
  C:03F5H         LINE#         141
  C:03FBH         LINE#         142
  C:03FDH         LINE#         144
  C:03FDH         LINE#         145
  C:0403H         LINE#         146
  C:0409H         LINE#         147
  C:0409H         LINE#         149
  C:0411H         LINE#         150
  C:0411H         LINE#         151
  C:0417H         LINE#         152
  C:041FH         LINE#         153
  C:0437H         LINE#         154
  C:0455H         LINE#         155
  C:047FH         LINE#         156
  C:049EH         LINE#         157
  C:04D5H         LINE#         158
  C:04DBH         LINE#         159
  C:04E5H         LINE#         160
  C:04F0H         LINE#         161
  C:04FBH         LINE#         162
  C:0506H         LINE#         163
  C:0511H         LINE#         164
  C:051CH         LINE#         165
  C:0527H         LINE#         166
  C:0527H         LINE#         168
  C:0529H         LINE#         169
  C:052CH         LINE#         171
  C:0533H         LINE#         173
  C:053AH         LINE#         174
  C:053CH         LINE#         180
  C:0543H         LINE#         181
  C:0543H         LINE#         182
  C:0548H         LINE#         183
  C:0548H         LINE#         189
  C:054FH         LINE#         191
  C:0552H         LINE#         194
  C:0554H         LINE#         197
  C:0554H         LINE#         198
  C:0554H         LINE#         199
  C:0557H         LINE#         200
  C:0557H         LINE#         201
  C:055AH         LINE#         202
BL51 BANKED LINKER/LOCATER V5.03                                                      03/14/2014  17:09:35  PAGE 10


  C:055CH         LINE#         203
  C:055CH         LINE#         210
  C:055FH         LINE#         211
  C:055FH         LINE#         212
  C:0564H         LINE#         213
  C:0564H         LINE#         214
  C:0566H         LINE#         216
  C:0566H         LINE#         217
  C:0569H         LINE#         218
  C:0569H         LINE#         219
  C:0582H         LINE#         224
  C:0585H         LINE#         225
  C:0588H         LINE#         226
  C:0588H         LINE#         227
  C:0588H         LINE#         228
  C:058BH         LINE#         229
  -------         ENDPROC       MAIN
  -------         PROC          SETUPCOMMAND
  -------         DO            
  D:0001H         SYMBOL        dscr_ptr
  -------         ENDDO         
  C:011AH         LINE#         233
  C:011AH         LINE#         234
  C:011AH         LINE#         237
  C:0150H         LINE#         238
  C:0150H         LINE#         239
  C:0150H         LINE#         240
  C:0158H         LINE#         241
  C:016EH         LINE#         242
  C:016EH         LINE#         243
  C:016EH         LINE#         244
  C:0174H         LINE#         245
  C:017AH         LINE#         246
  C:017DH         LINE#         247
  C:017DH         LINE#         248
  C:0183H         LINE#         249
  C:0189H         LINE#         250
  C:018CH         LINE#         251
  C:018CH         LINE#         252
  C:0192H         LINE#         253
  C:0198H         LINE#         254
  C:019BH         LINE#         255
  C:019BH         LINE#         256
  C:01A1H         LINE#         257
  C:01A7H         LINE#         258
  C:01AAH         LINE#         259
  C:01AAH         LINE#         260
  C:01BDH         LINE#         261
  C:01BDH         LINE#         262
  C:01C2H         LINE#         263
  C:01C7H         LINE#         264
  C:01CAH         LINE#         266
  C:01D1H         LINE#         267
  C:01D4H         LINE#         268
  C:01D4H         LINE#         269
  C:01DBH         LINE#         270
  C:01DBH         LINE#         271
BL51 BANKED LINKER/LOCATER V5.03                                                      03/14/2014  17:09:35  PAGE 11


  C:01DEH         LINE#         272
  C:01DEH         LINE#         273
  C:01E1H         LINE#         274
  C:01E4H         LINE#         275
  C:01E4H         LINE#         276
  C:01E7H         LINE#         277
  C:01EAH         LINE#         278
  C:01EAH         LINE#         279
  C:01EDH         LINE#         280
  C:01F0H         LINE#         281
  C:01F0H         LINE#         282
  C:01F3H         LINE#         283
  C:01F6H         LINE#         284
  C:01F6H         LINE#         285
  C:01FEH         LINE#         286
  C:0210H         LINE#         287
  C:0210H         LINE#         288
  C:0210H         LINE#         289
  C:0221H         LINE#         290
  C:0224H         LINE#         291
  C:0228H         LINE#         292
  C:022EH         LINE#         293
  C:0231H         LINE#         294
  C:0231H         LINE#         295
  C:0236H         LINE#         296
  C:0238H         LINE#         297
  C:023CH         LINE#         298
  C:0242H         LINE#         299
  C:0245H         LINE#         300
  C:0245H         LINE#         301
  C:0285H         LINE#         302
  C:0288H         LINE#         303
  C:028CH         LINE#         304
  C:0292H         LINE#         305
  C:0295H         LINE#         306
  C:0295H         LINE#         307
  C:029CH         LINE#         308
  C:029CH         LINE#         309
  C:029FH         LINE#         310
  C:029FH         LINE#         311
  C:02A7H         LINE#         312
  C:02B6H         LINE#         313
  C:02B6H         LINE#         314
  C:02B6H         LINE#         315
  C:02BDH         LINE#         316
  C:02C2H         LINE#         318
  C:02C9H         LINE#         319
  C:02CCH         LINE#         320
  C:02CCH         LINE#         321
  C:02D2H         LINE#         322
  C:02D2H         LINE#         323
  C:030FH         LINE#         324
  C:0328H         LINE#         325
  C:032BH         LINE#         327
  C:0332H         LINE#         328
  C:0334H         LINE#         329
  C:0334H         LINE#         330
BL51 BANKED LINKER/LOCATER V5.03                                                      03/14/2014  17:09:35  PAGE 12


  C:0334H         LINE#         331
  C:0334H         LINE#         332
  C:0339H         LINE#         333
  C:0345H         LINE#         334
  C:0345H         LINE#         335
  C:0345H         LINE#         336
  C:034CH         LINE#         337
  C:0350H         LINE#         338
  C:0358H         LINE#         344
  C:0358H         LINE#         346
  C:035FH         LINE#         347
  C:0361H         LINE#         348
  C:0361H         LINE#         349
  C:039EH         LINE#         350
  C:03A0H         LINE#         351
  C:03A0H         LINE#         352
  C:03A0H         LINE#         353
  C:03A0H         LINE#         354
  C:03A5H         LINE#         355
  C:03ACH         LINE#         356
  C:03ACH         LINE#         359
  C:03B3H         LINE#         360
  -------         ENDPROC       SETUPCOMMAND
  -------         PROC          RESUME_ISR
  C:008CH         LINE#         363
  C:008CH         LINE#         365
  C:008FH         LINE#         366
  -------         ENDPROC       RESUME_ISR
  -------         ENDMOD        FW

  -------         MODULE        FIFO
  C:0000H         SYMBOL        _ICE_DUMMY_
  C:0A8AH         PUBLIC        ISR_Errorlimit
  C:07CCH         PUBLIC        DR_SetConfiguration
  D:001BH         PUBLIC        AlternateSetting
  B:0080H.0       PUBLIC        FPGA_FIFO_RESET
  C:0A7BH         PUBLIC        ISR_Ep0in
  C:0A7DH         PUBLIC        ISR_Ep1in
  C:0682H         PUBLIC        TD_Init
  C:0A7CH         PUBLIC        ISR_Ep0out
  C:0A7EH         PUBLIC        ISR_Ep1out
  C:07FFH         PUBLIC        TD_Poll
  C:0A9BH         PUBLIC        ISR_GpifComplete
  B:0098H.1       PUBLIC        TI
  C:0A73H         PUBLIC        DR_GetStatus
  C:0A84H         PUBLIC        ISR_Ep0pingnak
  C:0A85H         PUBLIC        ISR_Ep1pingnak
  C:0A9CH         PUBLIC        ISR_GpifWaveform
  C:0A8BH         PUBLIC        ISR_Ep2piderror
  C:0A86H         PUBLIC        ISR_Ep2pingnak
  C:0A8CH         PUBLIC        ISR_Ep4piderror
  C:0A87H         PUBLIC        ISR_Ep4pingnak
  C:0A8DH         PUBLIC        ISR_Ep6piderror
  C:0A88H         PUBLIC        ISR_Ep6pingnak
  C:0A8EH         PUBLIC        ISR_Ep8piderror
  C:0A89H         PUBLIC        ISR_Ep8pingnak
  D:0091H         PUBLIC        EXIF
BL51 BANKED LINKER/LOCATER V5.03                                                      03/14/2014  17:09:35  PAGE 13


  B:0020H.4       PUBLIC        enum_high_speed
  C:0A38H         PUBLIC        DR_GetInterface
  C:0A75H         PUBLIC        DR_ClearFeature
  C:0A93H         PUBLIC        ISR_Ep2eflag
  C:0A97H         PUBLIC        ISR_Ep2fflag
  C:0A94H         PUBLIC        ISR_Ep4eflag
  C:0A65H         PUBLIC        DR_SetInterface
  C:0A98H         PUBLIC        ISR_Ep4fflag
  C:0A95H         PUBLIC        ISR_Ep6eflag
  C:0A99H         PUBLIC        ISR_Ep6fflag
  C:0A71H         PUBLIC        DR_GetDescriptor
  C:0A96H         PUBLIC        ISR_Ep8eflag
  C:0A9AH         PUBLIC        ISR_Ep8fflag
  C:0A8FH         PUBLIC        ISR_Ep2pflag
  C:0A90H         PUBLIC        ISR_Ep4pflag
  C:0A91H         PUBLIC        ISR_Ep6pflag
  C:0A92H         PUBLIC        ISR_Ep8pflag
  C:08EFH         PUBLIC        VendorResetDevice
  C:09CAH         PUBLIC        ISR_Sudav
  D:00B2H         PUBLIC        OEA
  D:00B4H         PUBLIC        OEC
  D:00B6H         PUBLIC        OEE
  D:0080H         PUBLIC        IOA
  D:00A0H         PUBLIC        IOC
  D:00B1H         PUBLIC        IOE
  C:0A6DH         PUBLIC        TD_Suspend
  D:001CH         PUBLIC        Configuration
  D:0099H         PUBLIC        SBUF0
  B:0080H.1       PUBLIC        FPGA_SYS_RESET
  C:0A79H         PUBLIC        ISR_Ep0ack
  C:08B8H         PUBLIC        ISR_Highspeed
  C:09FAH         PUBLIC        ISR_Sutok
  C:0A83H         PUBLIC        ISR_Ibn
  C:0A7FH         PUBLIC        ISR_Ep2inout
  C:0A80H         PUBLIC        ISR_Ep4inout
  C:058EH         PUBLIC        DR_VendorCmnd
  C:0A6FH         PUBLIC        TD_Resume
  C:0A81H         PUBLIC        ISR_Ep6inout
  C:0A7AH         PUBLIC        ISR_Stub
  C:0A82H         PUBLIC        ISR_Ep8inout
  C:0795H         PUBLIC        ISR_Ures
  C:0A77H         PUBLIC        DR_SetFeature
  C:0A10H         PUBLIC        ISR_Sof
  C:0A26H         PUBLIC        DR_GetConfiguration
  C:09E2H         PUBLIC        ISR_Susp
  -------         PROC          TD_INIT
  C:0682H         LINE#         37
  C:0682H         LINE#         38
  C:0682H         LINE#         41
  C:0688H         LINE#         43
  C:068EH         LINE#         45
  C:0691H         LINE#         46
  C:0697H         LINE#         47
  C:069AH         LINE#         48
  C:069FH         LINE#         49
  C:06A2H         LINE#         50
  C:06A8H         LINE#         51
BL51 BANKED LINKER/LOCATER V5.03                                                      03/14/2014  17:09:35  PAGE 14


  C:06ABH         LINE#         52
  C:06B0H         LINE#         54
  C:06B3H         LINE#         55
  C:06B9H         LINE#         56
  C:06BCH         LINE#         57
  C:06BFH         LINE#         58
  C:06C2H         LINE#         59
  C:06C5H         LINE#         60
  C:06C8H         LINE#         61
  C:06CEH         LINE#         62
  C:06D1H         LINE#         63
  C:06D7H         LINE#         65
  C:06DAH         LINE#         66
  C:06DFH         LINE#         68
  C:06E2H         LINE#         69
  C:06E8H         LINE#         70
  C:06EBH         LINE#         71
  C:06F0H         LINE#         74
  C:06F3H         LINE#         75
  C:06F9H         LINE#         76
  C:06FCH         LINE#         77
  C:0702H         LINE#         78
  C:0705H         LINE#         79
  C:070AH         LINE#         80
  C:070DH         LINE#         81
  C:0714H         LINE#         82
  C:0717H         LINE#         84
  C:071AH         LINE#         85
  C:071DH         LINE#         89
  C:0723H         LINE#         90
  C:0726H         LINE#         91
  C:072BH         LINE#         92
  C:072EH         LINE#         95
  C:0732H         LINE#         96
  C:0735H         LINE#         97
  C:0739H         LINE#         98
  C:073CH         LINE#         99
  C:073EH         LINE#         100
  C:0741H         LINE#         101
  C:0743H         LINE#         102
  C:0746H         LINE#         105
  C:0749H         LINE#         106
  C:074CH         LINE#         109
  C:074EH         LINE#         111
  -------         ENDPROC       TD_INIT
  -------         PROC          TD_POLL
  C:07FFH         LINE#         113
  C:07FFH         LINE#         114
  C:07FFH         LINE#         118
  -------         ENDPROC       TD_POLL
  -------         PROC          TD_SUSPEND
  C:0A6DH         LINE#         120
  C:0A6DH         LINE#         121
  C:0A6DH         LINE#         122
  C:0A6EH         LINE#         123
  -------         ENDPROC       TD_SUSPEND
  -------         PROC          TD_RESUME
BL51 BANKED LINKER/LOCATER V5.03                                                      03/14/2014  17:09:35  PAGE 15


  C:0A6FH         LINE#         125
  C:0A6FH         LINE#         126
  C:0A6FH         LINE#         127
  C:0A70H         LINE#         128
  -------         ENDPROC       TD_RESUME
  -------         PROC          DR_GETDESCRIPTOR
  C:0A71H         LINE#         134
  C:0A71H         LINE#         135
  C:0A71H         LINE#         136
  C:0A72H         LINE#         137
  -------         ENDPROC       DR_GETDESCRIPTOR
  -------         PROC          DR_SETCONFIGURATION
  C:07CCH         LINE#         139
  C:07CCH         LINE#         140
  C:07CCH         LINE#         142
  C:07D3H         LINE#         143
  C:07D3H         LINE#         144
  C:07D9H         LINE#         145
  C:07DCH         LINE#         146
  C:07E1H         LINE#         147
  C:07E4H         LINE#         149
  C:07E6H         LINE#         151
  C:07E6H         LINE#         152
  C:07ECH         LINE#         153
  C:07EFH         LINE#         154
  C:07F4H         LINE#         155
  C:07F7H         LINE#         157
  C:07F7H         LINE#         159
  C:07FDH         LINE#         160
  C:07FEH         LINE#         161
  -------         ENDPROC       DR_SETCONFIGURATION
  -------         PROC          DR_GETCONFIGURATION
  C:0A26H         LINE#         163
  C:0A26H         LINE#         164
  C:0A26H         LINE#         165
  C:0A2CH         LINE#         166
  C:0A31H         LINE#         167
  C:0A36H         LINE#         168
  C:0A37H         LINE#         169
  -------         ENDPROC       DR_GETCONFIGURATION
  -------         PROC          DR_SETINTERFACE
  C:0A65H         LINE#         171
  C:0A65H         LINE#         172
  C:0A65H         LINE#         173
  C:0A6BH         LINE#         174
  C:0A6CH         LINE#         175
  -------         ENDPROC       DR_SETINTERFACE
  -------         PROC          DR_GETINTERFACE
  C:0A38H         LINE#         177
  C:0A38H         LINE#         178
  C:0A38H         LINE#         179
  C:0A3EH         LINE#         180
  C:0A43H         LINE#         181
  C:0A48H         LINE#         182
  C:0A49H         LINE#         183
  -------         ENDPROC       DR_GETINTERFACE
  -------         PROC          DR_GETSTATUS
BL51 BANKED LINKER/LOCATER V5.03                                                      03/14/2014  17:09:35  PAGE 16


  C:0A73H         LINE#         185
  C:0A73H         LINE#         186
  C:0A73H         LINE#         187
  C:0A74H         LINE#         188
  -------         ENDPROC       DR_GETSTATUS
  -------         PROC          DR_CLEARFEATURE
  C:0A75H         LINE#         190
  C:0A75H         LINE#         191
  C:0A75H         LINE#         192
  C:0A76H         LINE#         193
  -------         ENDPROC       DR_CLEARFEATURE
  -------         PROC          DR_SETFEATURE
  C:0A77H         LINE#         195
  C:0A77H         LINE#         196
  C:0A77H         LINE#         197
  C:0A78H         LINE#         198
  -------         ENDPROC       DR_SETFEATURE
  -------         PROC          VENDORRESETDEVICE
  -------         DO            
  D:0018H         SYMBOL        bc
  -------         ENDDO         
  C:08EFH         LINE#         210
  C:08EFH         LINE#         211
  C:08EFH         LINE#         214
  C:08F6H         LINE#         215
  C:08FCH         LINE#         218
  C:08FFH         LINE#         219
  C:0905H         LINE#         220
  C:0908H         LINE#         221
  C:090BH         LINE#         222
  C:090EH         LINE#         223
  C:0910H         LINE#         224
  C:0913H         LINE#         225
  C:091DH         LINE#         226
  -------         ENDPROC       VENDORRESETDEVICE
  -------         PROC          DR_VENDORCMND
  -------         DO            
  D:0006H         SYMBOL        i
  D:0007H         SYMBOL        bc
  -------         ENDDO         
  C:058EH         LINE#         229
  C:058EH         LINE#         230
  C:058EH         LINE#         234
  C:05ACH         LINE#         235
  C:05ACH         LINE#         236
  C:05ACH         LINE#         237
  C:05ACH         LINE#         238
  C:05B4H         LINE#         240
  C:05B9H         LINE#         241
  C:05BEH         LINE#         242
  C:05C5H         LINE#         243
  C:05C8H         LINE#         244
  C:05C8H         LINE#         245
  C:05C8H         LINE#         246
  C:05C8H         LINE#         247
  C:05CDH         LINE#         248
  C:05D1H         LINE#         250
BL51 BANKED LINKER/LOCATER V5.03                                                      03/14/2014  17:09:35  PAGE 17


  C:05DFH         LINE#         251
  C:05DFH         LINE#         252
  C:05DFH         LINE#         253
  C:05DFH         LINE#         254
  C:05E2H         LINE#         256
  C:05E4H         LINE#         258
  C:05E7H         LINE#         259
  C:05E9H         LINE#         260
  C:05ECH         LINE#         261
  C:05EEH         LINE#         262
  C:05F1H         LINE#         263
  C:05F3H         LINE#         264
  C:05F6H         LINE#         266
  C:05F8H         LINE#         267
  C:05F8H         LINE#         268
  C:05F8H         LINE#         269
  C:05F8H         LINE#         270
  C:05FAH         LINE#         272
  C:05FCH         LINE#         273
  C:05FCH         LINE#         274
  C:05FCH         LINE#         275
  C:05FCH         LINE#         276
  C:05FEH         LINE#         278
  C:0600H         LINE#         279
  C:0600H         LINE#         280
  C:0600H         LINE#         281
  C:0603H         LINE#         282
  C:0603H         LINE#         283
  C:0603H         LINE#         285
  C:060AH         LINE#         287
  C:060CH         LINE#         288
  C:060CH         LINE#         289
  C:060CH         LINE#         290
  C:060CH         LINE#         291
  C:0612H         LINE#         292
  C:0617H         LINE#         293
  C:061CH         LINE#         294
  C:0623H         LINE#         295
  C:0625H         LINE#         296
  C:0625H         LINE#         297
  C:0625H         LINE#         298
  C:0625H         LINE#         299
  C:062AH         LINE#         300
  C:062EH         LINE#         301
  C:0635H         LINE#         302
  C:063BH         LINE#         303
  C:0642H         LINE#         304
  C:0644H         LINE#         305
  C:0644H         LINE#         306
  C:0644H         LINE#         307
  C:0644H         LINE#         308
  C:0649H         LINE#         309
  C:064DH         LINE#         310
  C:0654H         LINE#         311
  C:0659H         LINE#         312
  C:0660H         LINE#         313
  C:0660H         LINE#         314
BL51 BANKED LINKER/LOCATER V5.03                                                      03/14/2014  17:09:35  PAGE 18


  C:0663H         LINE#         315
  C:0665H         LINE#         316
  C:0672H         LINE#         317
  C:0675H         LINE#         319
  C:067CH         LINE#         320
  C:067EH         LINE#         321
  C:067EH         LINE#         322
  C:067EH         LINE#         323
  C:0680H         LINE#         324
  C:0680H         LINE#         327
  C:0681H         LINE#         328
  -------         ENDPROC       DR_VENDORCMND
  -------         PROC          ISR_SUDAV
  C:09CAH         LINE#         421
  C:09D0H         LINE#         424
  C:09D2H         LINE#         425
  C:09D5H         LINE#         426
  C:09DBH         LINE#         427
  -------         ENDPROC       ISR_SUDAV
  -------         PROC          ISR_SUTOK
  C:09FAH         LINE#         430
  C:0A00H         LINE#         432
  C:0A03H         LINE#         433
  C:0A09H         LINE#         434
  -------         ENDPROC       ISR_SUTOK
  -------         PROC          ISR_SOF
  C:0A10H         LINE#         436
  C:0A16H         LINE#         438
  C:0A19H         LINE#         439
  C:0A1FH         LINE#         440
  -------         ENDPROC       ISR_SOF
  -------         PROC          ISR_URES
  C:0795H         LINE#         442
  C:079BH         LINE#         444
  C:07A2H         LINE#         445
  C:07A2H         LINE#         446
  C:07A8H         LINE#         447
  C:07AEH         LINE#         448
  C:07B0H         LINE#         450
  C:07B0H         LINE#         451
  C:07B6H         LINE#         452
  C:07BCH         LINE#         453
  C:07BCH         LINE#         455
  C:07BFH         LINE#         456
  C:07C5H         LINE#         457
  -------         ENDPROC       ISR_URES
  -------         PROC          ISR_SUSP
  C:09E2H         LINE#         459
  C:09E8H         LINE#         461
  C:09EAH         LINE#         462
  C:09EDH         LINE#         463
  C:09F3H         LINE#         464
  -------         ENDPROC       ISR_SUSP
  -------         PROC          ISR_HIGHSPEED
  C:08B8H         LINE#         466
  C:08BEH         LINE#         468
  C:08C5H         LINE#         469
BL51 BANKED LINKER/LOCATER V5.03                                                      03/14/2014  17:09:35  PAGE 19


  C:08C5H         LINE#         470
  C:08CBH         LINE#         471
  C:08D1H         LINE#         472
  C:08D3H         LINE#         474
  C:08D3H         LINE#         475
  C:08D9H         LINE#         476
  C:08DFH         LINE#         477
  C:08DFH         LINE#         479
  C:08E2H         LINE#         480
  C:08E8H         LINE#         481
  -------         ENDPROC       ISR_HIGHSPEED
  -------         PROC          ISR_EP0ACK
  C:0A79H         LINE#         482
  C:0A79H         LINE#         484
  -------         ENDPROC       ISR_EP0ACK
  -------         PROC          ISR_STUB
  C:0A7AH         LINE#         485
  C:0A7AH         LINE#         487
  -------         ENDPROC       ISR_STUB
  -------         PROC          ISR_EP0IN
  C:0A7BH         LINE#         488
  C:0A7BH         LINE#         490
  -------         ENDPROC       ISR_EP0IN
  -------         PROC          ISR_EP0OUT
  C:0A7CH         LINE#         491
  C:0A7CH         LINE#         493
  -------         ENDPROC       ISR_EP0OUT
  -------         PROC          ISR_EP1IN
  C:0A7DH         LINE#         494
  C:0A7DH         LINE#         496
  -------         ENDPROC       ISR_EP1IN
  -------         PROC          ISR_EP1OUT
  C:0A7EH         LINE#         497
  C:0A7EH         LINE#         499
  -------         ENDPROC       ISR_EP1OUT
  -------         PROC          ISR_EP2INOUT
  C:0A7FH         LINE#         500
  C:0A7FH         LINE#         502
  -------         ENDPROC       ISR_EP2INOUT
  -------         PROC          ISR_EP4INOUT
  C:0A80H         LINE#         503
  C:0A80H         LINE#         505
  -------         ENDPROC       ISR_EP4INOUT
  -------         PROC          ISR_EP6INOUT
  C:0A81H         LINE#         506
  C:0A81H         LINE#         508
  -------         ENDPROC       ISR_EP6INOUT
  -------         PROC          ISR_EP8INOUT
  C:0A82H         LINE#         509
  C:0A82H         LINE#         511
  -------         ENDPROC       ISR_EP8INOUT
  -------         PROC          ISR_IBN
  C:0A83H         LINE#         512
  C:0A83H         LINE#         514
  -------         ENDPROC       ISR_IBN
  -------         PROC          ISR_EP0PINGNAK
  C:0A84H         LINE#         515
BL51 BANKED LINKER/LOCATER V5.03                                                      03/14/2014  17:09:35  PAGE 20


  C:0A84H         LINE#         517
  -------         ENDPROC       ISR_EP0PINGNAK
  -------         PROC          ISR_EP1PINGNAK
  C:0A85H         LINE#         518
  C:0A85H         LINE#         520
  -------         ENDPROC       ISR_EP1PINGNAK
  -------         PROC          ISR_EP2PINGNAK
  C:0A86H         LINE#         521
  C:0A86H         LINE#         523
  -------         ENDPROC       ISR_EP2PINGNAK
  -------         PROC          ISR_EP4PINGNAK
  C:0A87H         LINE#         524
  C:0A87H         LINE#         526
  -------         ENDPROC       ISR_EP4PINGNAK
  -------         PROC          ISR_EP6PINGNAK
  C:0A88H         LINE#         527
  C:0A88H         LINE#         529
  -------         ENDPROC       ISR_EP6PINGNAK
  -------         PROC          ISR_EP8PINGNAK
  C:0A89H         LINE#         530
  C:0A89H         LINE#         532
  -------         ENDPROC       ISR_EP8PINGNAK
  -------         PROC          ISR_ERRORLIMIT
  C:0A8AH         LINE#         533
  C:0A8AH         LINE#         535
  -------         ENDPROC       ISR_ERRORLIMIT
  -------         PROC          ISR_EP2PIDERROR
  C:0A8BH         LINE#         536
  C:0A8BH         LINE#         538
  -------         ENDPROC       ISR_EP2PIDERROR
  -------         PROC          ISR_EP4PIDERROR
  C:0A8CH         LINE#         539
  C:0A8CH         LINE#         541
  -------         ENDPROC       ISR_EP4PIDERROR
  -------         PROC          ISR_EP6PIDERROR
  C:0A8DH         LINE#         542
  C:0A8DH         LINE#         544
  -------         ENDPROC       ISR_EP6PIDERROR
  -------         PROC          ISR_EP8PIDERROR
  C:0A8EH         LINE#         545
  C:0A8EH         LINE#         547
  -------         ENDPROC       ISR_EP8PIDERROR
  -------         PROC          ISR_EP2PFLAG
  C:0A8FH         LINE#         548
  C:0A8FH         LINE#         550
  -------         ENDPROC       ISR_EP2PFLAG
  -------         PROC          ISR_EP4PFLAG
  C:0A90H         LINE#         551
  C:0A90H         LINE#         553
  -------         ENDPROC       ISR_EP4PFLAG
  -------         PROC          ISR_EP6PFLAG
  C:0A91H         LINE#         554
  C:0A91H         LINE#         556
  -------         ENDPROC       ISR_EP6PFLAG
  -------         PROC          ISR_EP8PFLAG
  C:0A92H         LINE#         557
  C:0A92H         LINE#         559
BL51 BANKED LINKER/LOCATER V5.03                                                      03/14/2014  17:09:35  PAGE 21


  -------         ENDPROC       ISR_EP8PFLAG
  -------         PROC          ISR_EP2EFLAG
  C:0A93H         LINE#         560
  C:0A93H         LINE#         562
  -------         ENDPROC       ISR_EP2EFLAG
  -------         PROC          ISR_EP4EFLAG
  C:0A94H         LINE#         563
  C:0A94H         LINE#         565
  -------         ENDPROC       ISR_EP4EFLAG
  -------         PROC          ISR_EP6EFLAG
  C:0A95H         LINE#         566
  C:0A95H         LINE#         568
  -------         ENDPROC       ISR_EP6EFLAG
  -------         PROC          ISR_EP8EFLAG
  C:0A96H         LINE#         569
  C:0A96H         LINE#         571
  -------         ENDPROC       ISR_EP8EFLAG
  -------         PROC          ISR_EP2FFLAG
  C:0A97H         LINE#         572
  C:0A97H         LINE#         574
  -------         ENDPROC       ISR_EP2FFLAG
  -------         PROC          ISR_EP4FFLAG
  C:0A98H         LINE#         575
  C:0A98H         LINE#         577
  -------         ENDPROC       ISR_EP4FFLAG
  -------         PROC          ISR_EP6FFLAG
  C:0A99H         LINE#         578
  C:0A99H         LINE#         580
  -------         ENDPROC       ISR_EP6FFLAG
  -------         PROC          ISR_EP8FFLAG
  C:0A9AH         LINE#         581
  C:0A9AH         LINE#         583
  -------         ENDPROC       ISR_EP8FFLAG
  -------         PROC          ISR_GPIFCOMPLETE
  C:0A9BH         LINE#         584
  C:0A9BH         LINE#         586
  -------         ENDPROC       ISR_GPIFCOMPLETE
  -------         PROC          ISR_GPIFWAVEFORM
  C:0A9CH         LINE#         587
  C:0A9CH         LINE#         589
  -------         ENDPROC       ISR_GPIFWAVEFORM
  -------         ENDMOD        FIFO

  -------         MODULE        RESUME
  C:0000H         SYMBOL        _ICE_DUMMY_
  B:00C0H.3       PUBLIC        TB81
  B:00C0H.7       PUBLIC        SM01
  B:00C0H.6       PUBLIC        SM11
  B:00E8H.1       PUBLIC        EI2C
  B:00D0H.6       PUBLIC        AC
  B:00C0H.5       PUBLIC        SM21
  B:00A8H.7       PUBLIC        EA
  B:00B0H.0       PUBLIC        APTR1FZ
  B:00B0H.1       PUBLIC        APTR2FZ
  B:00F8H.1       PUBLIC        PI2C
  B:00D0H.1       PUBLIC        FL
  B:00C8H.6       PUBLIC        EXF2
BL51 BANKED LINKER/LOCATER V5.03                                                      03/14/2014  17:09:35  PAGE 22


  B:00C0H.4       PUBLIC        REN1
  B:0098H.0       PUBLIC        RI
  B:00D0H.7       PUBLIC        CY
  B:0098H.1       PUBLIC        TI
  B:00D8H.3       PUBLIC        INT6
  B:00D0H.2       PUBLIC        OV
  B:00C8H.1       PUBLIC        C_T2
  B:00C8H.5       PUBLIC        RCLK
  B:00C8H.4       PUBLIC        TCLK
  B:00E8H.0       PUBLIC        EUSB
  B:00D8H.4       PUBLIC        RESI
  B:00A8H.7       PUBLIC        EXTACC
  B:00F8H.0       PUBLIC        PUSB
  B:0088H.1       PUBLIC        IE0
  B:0088H.3       PUBLIC        IE1
  B:00C8H.0       PUBLIC        CP_RL2
  B:00A8H.4       PUBLIC        ES0
  B:00A8H.6       PUBLIC        ES1
  B:00A8H.1       PUBLIC        ET0
  B:00A8H.3       PUBLIC        ET1
  B:0088H.5       PUBLIC        TF0
  B:00A8H.5       PUBLIC        ET2
  B:0088H.7       PUBLIC        TF1
  B:00C8H.7       PUBLIC        TF2
  B:00C0H.0       PUBLIC        RI1
  B:0098H.2       PUBLIC        RB8
  B:00A8H.0       PUBLIC        EX0
  B:0088H.0       PUBLIC        IT0
  B:00C0H.1       PUBLIC        TI1
  B:00A8H.2       PUBLIC        EX1
  B:0098H.3       PUBLIC        TB8
  B:0088H.2       PUBLIC        IT1
  B:00D0H.0       PUBLIC        P
  B:0098H.7       PUBLIC        SM0
  B:0098H.6       PUBLIC        SM1
  B:0098H.5       PUBLIC        SM2
  B:00B8H.4       PUBLIC        PS0
  B:00B8H.6       PUBLIC        PS1
  B:00B8H.1       PUBLIC        PT0
  B:00D0H.3       PUBLIC        RS0
  B:00B8H.3       PUBLIC        PT1
  B:00D0H.4       PUBLIC        RS1
  B:00B8H.5       PUBLIC        PT2
  B:0088H.4       PUBLIC        TR0
  B:0088H.6       PUBLIC        TR1
  B:00C8H.2       PUBLIC        TR2
  B:00B8H.0       PUBLIC        PX0
  B:00B8H.2       PUBLIC        PX1
  B:00E8H.2       PUBLIC        EIEX4
  C:094DH         PUBLIC        EZUSB_Resume
  B:00E8H.3       PUBLIC        EIEX5
  B:00E8H.4       PUBLIC        EIEX6
  B:00C8H.3       PUBLIC        EXEN2
  B:0080H.6       PUBLIC        SEL
  B:00D8H.7       PUBLIC        SMOD1
  B:0098H.4       PUBLIC        REN
  B:00F8H.2       PUBLIC        EIPX4
BL51 BANKED LINKER/LOCATER V5.03                                                      03/14/2014  17:09:35  PAGE 23


  B:00F8H.3       PUBLIC        EIPX5
  B:00F8H.4       PUBLIC        EIPX6
  B:00D0H.5       PUBLIC        F0
  B:00D8H.5       PUBLIC        ERESI
  B:00C0H.2       PUBLIC        RB81
  -------         PROC          EZUSB_RESUME
  C:094DH         LINE#         4
  C:094DH         LINE#         5
  C:094DH         LINE#         6
  C:0963H         LINE#         8
  C:0963H         LINE#         9
  C:096AH         LINE#         10
  C:0971H         LINE#         11
  C:0978H         LINE#         12
  C:0978H         LINE#         13
  -------         ENDPROC       EZUSB_RESUME
  -------         ENDMOD        RESUME

  -------         MODULE        SUSP
  C:09A5H         SEGMENT       EZUSB
  C:09A5H         PUBLIC        EZUSB_SUSP
  B:00D0H.6       SYMBOL        AC
  D:00E0H         SYMBOL        ACC
  D:009AH         SYMBOL        APTR1H
  D:009BH         SYMBOL        APTR1L
  D:009AH         SYMBOL        AUTOPTR1H
  D:009BH         SYMBOL        AUTOPTR1L
  D:009DH         SYMBOL        AUTOPTRH2
  D:009EH         SYMBOL        AUTOPTRL2
  D:00AFH         SYMBOL        AUTOPTRSETUP
  D:00F0H         SYMBOL        B
  X:E606H         SYMBOL        BPADDRH
  X:E607H         SYMBOL        BPADDRL
  X:E605H         SYMBOL        BREAKPT
  D:008EH         SYMBOL        CKCON
  X:E665H         SYMBOL        CLRERRCNT
  X:E600H         SYMBOL        CPUCS
  B:00C8H.0       SYMBOL        CP_RL2
  X:E6FBH         SYMBOL        CT1
  X:E6FCH         SYMBOL        CT2
  X:E6FDH         SYMBOL        CT3
  X:E6FEH         SYMBOL        CT4
  B:00D0H.7       SYMBOL        CY
  B:00C8H.1       SYMBOL        C_T2
  X:E6F8H         SYMBOL        DBUG
  D:0083H         SYMBOL        DPH
  D:0085H         SYMBOL        DPH1
  D:0082H         SYMBOL        DPL
  D:0084H         SYMBOL        DPL1
  D:0086H         SYMBOL        DPS
  B:00A8H.7       SYMBOL        EA
  B:00E8H.1       SYMBOL        EI2C
  D:00D8H         SYMBOL        EICON
  D:00E8H         SYMBOL        EIE
  B:00E8H.2       SYMBOL        EIEX4
  B:00E8H.3       SYMBOL        EIEX5
  B:00E8H.4       SYMBOL        EIEX6
BL51 BANKED LINKER/LOCATER V5.03                                                      03/14/2014  17:09:35  PAGE 24


  D:00F8H         SYMBOL        EIP
  B:00F8H.2       SYMBOL        EIPX4
  B:00F8H.3       SYMBOL        EIPX5
  B:00F8H.4       SYMBOL        EIPX6
  D:00BAH         SYMBOL        EP01STAT
  X:E68AH         SYMBOL        EP0BCH
  X:E68BH         SYMBOL        EP0BCL
  X:E740H         SYMBOL        EP0BUF
  X:E6A0H         SYMBOL        EP0CS
  X:E780H         SYMBOL        EP10UTBUF
  X:E68FH         SYMBOL        EP1INBC
  X:E7C0H         SYMBOL        EP1INBUF
  X:E611H         SYMBOL        EP1INCFG
  X:E6A2H         SYMBOL        EP1INCS
  X:E68DH         SYMBOL        EP1OUTBC
  X:E610H         SYMBOL        EP1OUTCFG
  X:E6A1H         SYMBOL        EP1OUTCS
  D:00AAH         SYMBOL        EP2468STAT
  D:00ABH         SYMBOL        EP24FIFOFLGS
  X:E620H         SYMBOL        EP2AUTOINLENH
  X:E621H         SYMBOL        EP2AUTOINLENL
  X:E690H         SYMBOL        EP2BCH
  X:E691H         SYMBOL        EP2BCL
  X:E612H         SYMBOL        EP2CFG
  X:E6A3H         SYMBOL        EP2CS
  X:E6ABH         SYMBOL        EP2FIFOBCH
  X:E6ACH         SYMBOL        EP2FIFOBCL
  X:F000H         SYMBOL        EP2FIFOBUF
  X:E618H         SYMBOL        EP2FIFOCFG
  X:E6A7H         SYMBOL        EP2FIFOFLGS
  X:E650H         SYMBOL        EP2FIFOIE
  X:E651H         SYMBOL        EP2FIFOIRQ
  X:E630H         SYMBOL        EP2FIFOPFH
  X:E631H         SYMBOL        EP2FIFOPFL
  X:E6D2H         SYMBOL        EP2GPIFFLGSEL
  X:E6D3H         SYMBOL        EP2GPIFPFSTOP
  X:E6D0H         SYMBOL        EP2GPIFTCH
  X:E6D1H         SYMBOL        EP2GPIFTCL
  X:E6D4H         SYMBOL        EP2GPIFTRIG
  X:E640H         SYMBOL        EP2ISOINPKTS
  X:E622H         SYMBOL        EP4AUTOINLENH
  X:E623H         SYMBOL        EP4AUTOINLENL
  X:E694H         SYMBOL        EP4BCH
  X:E695H         SYMBOL        EP4BCL
  X:E613H         SYMBOL        EP4CFG
  X:E6A4H         SYMBOL        EP4CS
  X:E6ADH         SYMBOL        EP4FIFOBCH
  X:E6AEH         SYMBOL        EP4FIFOBCL
  X:F400H         SYMBOL        EP4FIFOBUF
  X:E619H         SYMBOL        EP4FIFOCFG
  X:E6A8H         SYMBOL        EP4FIFOFLGS
  X:E652H         SYMBOL        EP4FIFOIE
  X:E653H         SYMBOL        EP4FIFOIRQ
  X:E632H         SYMBOL        EP4FIFOPFH
  X:E633H         SYMBOL        EP4FIFOPFL
  X:E6DAH         SYMBOL        EP4GPIFFLGSEL
  X:E6DBH         SYMBOL        EP4GPIFPFSTOP
BL51 BANKED LINKER/LOCATER V5.03                                                      03/14/2014  17:09:35  PAGE 25


  X:E6D0H         SYMBOL        EP4GPIFTCH
  X:E6D1H         SYMBOL        EP4GPIFTCL
  X:E6DCH         SYMBOL        EP4GPIFTRIG
  X:E641H         SYMBOL        EP4ISOINPKTS
  D:00ACH         SYMBOL        EP68FIFOFLGS
  X:E624H         SYMBOL        EP6AUTOINLENH
  X:E625H         SYMBOL        EP6AUTOINLENL
  X:E698H         SYMBOL        EP6BCH
  X:E699H         SYMBOL        EP6BCL
  X:E614H         SYMBOL        EP6CFG
  X:E6A5H         SYMBOL        EP6CS
  X:E6AFH         SYMBOL        EP6FIFOBCH
  X:E6B0H         SYMBOL        EP6FIFOBCL
  X:F800H         SYMBOL        EP6FIFOBUF
  X:E61AH         SYMBOL        EP6FIFOCFG
  X:E6A9H         SYMBOL        EP6FIFOFLGS
  X:E654H         SYMBOL        EP6FIFOIE
  X:E655H         SYMBOL        EP6FIFOIRQ
  X:E634H         SYMBOL        EP6FIFOPFH
  X:E635H         SYMBOL        EP6FIFOPFL
  X:E6E2H         SYMBOL        EP6GPIFFLGSEL
  X:E6E3H         SYMBOL        EP6GPIFPFSTOP
  X:E6D0H         SYMBOL        EP6GPIFTCH
  X:E6D1H         SYMBOL        EP6GPIFTCL
  X:E6E4H         SYMBOL        EP6GPIFTRIG
  X:E642H         SYMBOL        EP6ISOINPKTS
  X:E626H         SYMBOL        EP8AUTOINLENH
  X:E627H         SYMBOL        EP8AUTOINLENL
  X:E69CH         SYMBOL        EP8BCH
  X:E69DH         SYMBOL        EP8BCL
  X:E615H         SYMBOL        EP8CFG
  X:E6A6H         SYMBOL        EP8CS
  X:E6B1H         SYMBOL        EP8FIFOBCH
  X:E6B2H         SYMBOL        EP8FIFOBCL
  X:FC00H         SYMBOL        EP8FIFOBUF
  X:E61BH         SYMBOL        EP8FIFOCFG
  X:E6AAH         SYMBOL        EP8FIFOFLGS
  X:E656H         SYMBOL        EP8FIFOIE
  X:E657H         SYMBOL        EP8FIFOIRQ
  X:E636H         SYMBOL        EP8FIFOPFH
  X:E637H         SYMBOL        EP8FIFOPFL
  X:E6EAH         SYMBOL        EP8GPIFFLGSEL
  X:E6EBH         SYMBOL        EP8GPIFPFSTOP
  X:E6D0H         SYMBOL        EP8GPIFTCH
  X:E6D1H         SYMBOL        EP8GPIFTCL
  X:E6ECH         SYMBOL        EP8GPIFTRIG
  X:E643H         SYMBOL        EP8ISOINPKTS
  X:E65EH         SYMBOL        EPIE
  X:E65FH         SYMBOL        EPIRQ
  B:00D8H.5       SYMBOL        ERESI
  X:E664H         SYMBOL        ERRCNTLIM
  C:09B8H         SYMBOL        ER_END
  B:00A8H.4       SYMBOL        ES0
  B:00A8H.6       SYMBOL        ES1
  B:00A8H.1       SYMBOL        ET0
  B:00A8H.3       SYMBOL        ET1
  B:00A8H.5       SYMBOL        ET2
BL51 BANKED LINKER/LOCATER V5.03                                                      03/14/2014  17:09:35  PAGE 26


  B:00E8H.0       SYMBOL        EUSB
  B:00A8H.0       SYMBOL        EX0
  B:00A8H.2       SYMBOL        EX1
  B:00C8H.3       SYMBOL        EXEN2
  B:00C8H.6       SYMBOL        EXF2
  D:0091H         SYMBOL        EXIF
  X:E67BH         SYMBOL        EXTAUTODAT1
  X:E67CH         SYMBOL        EXTAUTODAT2
  B:00D0H.5       SYMBOL        F0
  X:E609H         SYMBOL        FIFOPINPOLAR
  X:E604H         SYMBOL        FIFORESET
  B:00D0H.1       SYMBOL        FL
  X:E6CCH         SYMBOL        FLOWEDGE
  X:E6C8H         SYMBOL        FLOWEQ0CTL
  X:E6C9H         SYMBOL        FLOWEQ1CTL
  X:E6C7H         SYMBOL        FLOWLOGIC
  X:E6C6H         SYMBOL        FLOWSTATE
  X:E6CBH         SYMBOL        FLOWSTB
  X:E6CDH         SYMBOL        FLOWSTBHPERIOD
  X:E687H         SYMBOL        FNADDR
  X:E6F5H         SYMBOL        GPIFABORT
  X:E6C4H         SYMBOL        GPIFADRH
  X:E6C5H         SYMBOL        GPIFADRL
  X:E6C3H         SYMBOL        GPIFCTLCFG
  X:E60CH         SYMBOL        GPIFHOLDAMOUNT
  X:E6C1H         SYMBOL        GPIFIDLECS
  X:E6C2H         SYMBOL        GPIFIDLECTL
  X:E660H         SYMBOL        GPIFIE
  X:E661H         SYMBOL        GPIFIRQ
  X:E6F3H         SYMBOL        GPIFREADYCFG
  X:E6F4H         SYMBOL        GPIFREADYSTAT
  D:00BDH         SYMBOL        GPIFSGLDATH
  D:00BFH         SYMBOL        GPIFSGLDATLNOX
  D:00BEH         SYMBOL        GPIFSGLDATLX
  X:E6D1H         SYMBOL        GPIFTCB0
  X:E6D0H         SYMBOL        GPIFTCB1
  X:E6CFH         SYMBOL        GPIFTCB2
  X:E6CEH         SYMBOL        GPIFTCB3
  D:00BBH         SYMBOL        GPIFTRIG
  X:E6C0H         SYMBOL        GPIFWFSELECT
  X:E400H         SYMBOL        GPIF_WAVE_DATA
  X:E678H         SYMBOL        I2CS
  X:E67AH         SYMBOL        I2CTL
  X:E679H         SYMBOL        I2DAT
  X:E658H         SYMBOL        IBNIE
  X:E659H         SYMBOL        IBNIRQ
  D:00A8H         SYMBOL        IE
  B:0088H.1       SYMBOL        IE0
  B:0088H.3       SYMBOL        IE1
  X:E601H         SYMBOL        IFCONFIG
  X:E648H         SYMBOL        INPKTEND
  D:00A1H         SYMBOL        INT2CLR
  X:E666H         SYMBOL        INT2IVEC
  D:00A2H         SYMBOL        INT4CLR
  X:E667H         SYMBOL        INT4IVEC
  B:00D8H.3       SYMBOL        INT6
  X:E668H         SYMBOL        INTSETUP
BL51 BANKED LINKER/LOCATER V5.03                                                      03/14/2014  17:09:35  PAGE 27


  D:0080H         SYMBOL        IOA
  D:0090H         SYMBOL        IOB
  D:00A0H         SYMBOL        IOC
  D:00B0H         SYMBOL        IOD
  D:00B1H         SYMBOL        IOE
  D:00B8H         SYMBOL        IP
  B:0088H.0       SYMBOL        IT0
  B:0088H.2       SYMBOL        IT1
  X:E686H         SYMBOL        MICROFRAME
  D:0092H         SYMBOL        MPAGE
  X:E65AH         SYMBOL        NAKIE
  X:E65BH         SYMBOL        NAKIRQ
  D:00B2H         SYMBOL        OEA
  D:00B3H         SYMBOL        OEB
  D:00B4H         SYMBOL        OEC
  D:00B5H         SYMBOL        OED
  D:00B6H         SYMBOL        OEE
  X:E649H         SYMBOL        OUTPKTEND
  B:00D0H.2       SYMBOL        OV
  B:00D0H.0       SYMBOL        P
  D:0087H         SYMBOL        PCON
  B:00F8H.1       SYMBOL        PI2C
  X:E602H         SYMBOL        PINFLAGSAB
  X:E603H         SYMBOL        PINFLAGSCD
  X:E670H         SYMBOL        PORTACFG
  X:E671H         SYMBOL        PORTCCFG
  X:E672H         SYMBOL        PORTECFG
  B:00B8H.4       SYMBOL        PS0
  B:00B8H.6       SYMBOL        PS1
  D:00D0H         SYMBOL        PSW
  B:00B8H.1       SYMBOL        PT0
  B:00B8H.3       SYMBOL        PT1
  B:00B8H.5       SYMBOL        PT2
  B:00F8H.0       SYMBOL        PUSB
  B:00B8H.0       SYMBOL        PX0
  B:00B8H.2       SYMBOL        PX1
  B:0098H.2       SYMBOL        RB8
  B:00C0H.2       SYMBOL        RB81
  D:00CBH         SYMBOL        RCAP2H
  D:00CAH         SYMBOL        RCAP2L
  B:00C8H.5       SYMBOL        RCLK
  B:0098H.4       SYMBOL        REN
  B:00C0H.4       SYMBOL        REN1
  B:00D8H.4       SYMBOL        RESI
  X:E480H         SYMBOL        RES_WAVEDATA_END
  X:E60BH         SYMBOL        REVCTL
  X:E60AH         SYMBOL        REVID
  B:0098H.0       SYMBOL        RI
  B:00C0H.0       SYMBOL        RI1
  B:00D0H.3       SYMBOL        RS0
  B:00D0H.4       SYMBOL        RS1
  D:0099H         SYMBOL        SBUF0
  D:00C1H         SYMBOL        SBUF1
  D:0098H         SYMBOL        SCON0
  D:00C0H         SYMBOL        SCON1
  B:0080H.6       SYMBOL        SEL
  X:E6B8H         SYMBOL        SETUPDAT
BL51 BANKED LINKER/LOCATER V5.03                                                      03/14/2014  17:09:35  PAGE 28


  B:0098H.7       SYMBOL        SM0
  B:00C0H.7       SYMBOL        SM01
  B:0098H.6       SYMBOL        SM1
  B:00C0H.6       SYMBOL        SM11
  B:0098H.5       SYMBOL        SM2
  B:00C0H.5       SYMBOL        SM21
  B:00D8H.7       SYMBOL        SMOD1
  D:0081H         SYMBOL        SP
  X:E6B5H         SYMBOL        SUDPTRCTL
  X:E6B3H         SYMBOL        SUDPTRH
  X:E6B4H         SYMBOL        SUDPTRL
  N:0000H         SYMBOL        SUSP
  X:E681H         SYMBOL        SUSPEND
  D:00C8H         SYMBOL        T2CON
  B:0098H.3       SYMBOL        TB8
  B:00C0H.3       SYMBOL        TB81
  B:00C8H.4       SYMBOL        TCLK
  D:0088H         SYMBOL        TCON
  X:E6F9H         SYMBOL        TESTCFG
  B:0088H.5       SYMBOL        TF0
  B:0088H.7       SYMBOL        TF1
  B:00C8H.7       SYMBOL        TF2
  D:008CH         SYMBOL        TH0
  D:008DH         SYMBOL        TH1
  D:00CDH         SYMBOL        TH2
  B:0098H.1       SYMBOL        TI
  B:00C0H.1       SYMBOL        TI1
  D:008AH         SYMBOL        TL0
  D:008BH         SYMBOL        TL1
  D:00CCH         SYMBOL        TL2
  D:0089H         SYMBOL        TMOD
  X:E683H         SYMBOL        TOGCTL
  B:0088H.4       SYMBOL        TR0
  B:0088H.6       SYMBOL        TR1
  B:00C8H.2       SYMBOL        TR2
  X:E608H         SYMBOL        UART230
  X:E67DH         SYMBOL        UDMACRCH
  X:E67EH         SYMBOL        UDMACRCL
  X:E67FH         SYMBOL        UDMACRCQUAL
  X:E680H         SYMBOL        USBCS
  X:E662H         SYMBOL        USBERRIE
  X:E663H         SYMBOL        USBERRIRQ
  X:E684H         SYMBOL        USBFRAMEH
  X:E685H         SYMBOL        USBFRAMEL
  X:E65CH         SYMBOL        USBIE
  X:E65DH         SYMBOL        USBIRQ
  X:E6FAH         SYMBOL        USBTEST
  X:E682H         SYMBOL        WAKEUPCS
  X:E6F0H         SYMBOL        XGPIFSGLDATH
  X:E6F2H         SYMBOL        XGPIFSGLDATLNOX
  X:E6F1H         SYMBOL        XGPIFSGLDATLX
  C:09A5H         LINE#         10
  C:09A8H         LINE#         11
  C:09A9H         LINE#         12
  C:09ABH         LINE#         13
  C:09ACH         LINE#         15
  C:09AFH         LINE#         16
BL51 BANKED LINKER/LOCATER V5.03                                                      03/14/2014  17:09:35  PAGE 29


  C:09B0H         LINE#         18
  C:09B3H         LINE#         20
  C:09B4H         LINE#         21
  C:09B5H         LINE#         22
  C:09B6H         LINE#         23
  C:09B7H         LINE#         24
  C:09B8H         LINE#         25
  -------         ENDMOD        SUSP

  -------         MODULE        DISCON
  C:0000H         SYMBOL        _ICE_DUMMY_
  B:00C0H.3       PUBLIC        TB81
  B:00C0H.7       PUBLIC        SM01
  B:00C0H.6       PUBLIC        SM11
  B:00E8H.1       PUBLIC        EI2C
  B:00D0H.6       PUBLIC        AC
  B:00C0H.5       PUBLIC        SM21
  B:00A8H.7       PUBLIC        EA
  B:00B0H.0       PUBLIC        APTR1FZ
  B:00B0H.1       PUBLIC        APTR2FZ
  B:00F8H.1       PUBLIC        PI2C
  B:00D0H.1       PUBLIC        FL
  B:00C8H.6       PUBLIC        EXF2
  B:00C0H.4       PUBLIC        REN1
  B:0098H.0       PUBLIC        RI
  B:00D0H.7       PUBLIC        CY
  B:0098H.1       PUBLIC        TI
  B:00D8H.3       PUBLIC        INT6
  B:00D0H.2       PUBLIC        OV
  B:00C8H.1       PUBLIC        C_T2
  B:00C8H.5       PUBLIC        RCLK
  D:0091H         PUBLIC        EXIF
  B:00C8H.4       PUBLIC        TCLK
  B:00E8H.0       PUBLIC        EUSB
  B:00D8H.4       PUBLIC        RESI
  B:00A8H.7       PUBLIC        EXTACC
  B:00F8H.0       PUBLIC        PUSB
  B:0088H.1       PUBLIC        IE0
  B:0088H.3       PUBLIC        IE1
  B:00C8H.0       PUBLIC        CP_RL2
  B:00A8H.4       PUBLIC        ES0
  B:00A8H.6       PUBLIC        ES1
  B:00A8H.1       PUBLIC        ET0
  B:00A8H.3       PUBLIC        ET1
  B:0088H.5       PUBLIC        TF0
  B:00A8H.5       PUBLIC        ET2
  B:0088H.7       PUBLIC        TF1
  B:00C8H.7       PUBLIC        TF2
  B:00C0H.0       PUBLIC        RI1
  B:0098H.2       PUBLIC        RB8
  B:00A8H.0       PUBLIC        EX0
  B:0088H.0       PUBLIC        IT0
  B:00C0H.1       PUBLIC        TI1
  B:00A8H.2       PUBLIC        EX1
  B:0098H.3       PUBLIC        TB8
  B:0088H.2       PUBLIC        IT1
  B:00D0H.0       PUBLIC        P
BL51 BANKED LINKER/LOCATER V5.03                                                      03/14/2014  17:09:35  PAGE 30


  C:091EH         PUBLIC        EZUSB_Discon
  B:0098H.7       PUBLIC        SM0
  B:0098H.6       PUBLIC        SM1
  B:0098H.5       PUBLIC        SM2
  B:00B8H.4       PUBLIC        PS0
  B:00B8H.6       PUBLIC        PS1
  B:00B8H.1       PUBLIC        PT0
  B:00D0H.3       PUBLIC        RS0
  B:00B8H.3       PUBLIC        PT1
  B:00D0H.4       PUBLIC        RS1
  B:00B8H.5       PUBLIC        PT2
  B:0088H.4       PUBLIC        TR0
  B:0088H.6       PUBLIC        TR1
  B:00C8H.2       PUBLIC        TR2
  B:00B8H.0       PUBLIC        PX0
  B:00B8H.2       PUBLIC        PX1
  B:00E8H.2       PUBLIC        EIEX4
  B:00E8H.3       PUBLIC        EIEX5
  B:00E8H.4       PUBLIC        EIEX6
  B:00C8H.3       PUBLIC        EXEN2
  B:0080H.6       PUBLIC        SEL
  B:00D8H.7       PUBLIC        SMOD1
  B:0098H.4       PUBLIC        REN
  B:00F8H.2       PUBLIC        EIPX4
  B:00F8H.3       PUBLIC        EIPX5
  B:00F8H.4       PUBLIC        EIPX6
  B:00D0H.5       PUBLIC        F0
  B:00D8H.5       PUBLIC        ERESI
  B:00C0H.2       PUBLIC        RB81
  -------         PROC          EZUSB_DISCON
  B:0020H.5       SYMBOL        renum
  C:091EH         LINE#         4
  C:091EH         LINE#         5
  C:091EH         LINE#         7
  C:0921H         LINE#         8
  C:092AH         LINE#         10
  C:0931H         LINE#         12
  C:0938H         LINE#         14
  C:093EH         LINE#         15
  C:0942H         LINE#         16
  C:0945H         LINE#         18
  C:094CH         LINE#         19
  -------         ENDPROC       EZUSB_DISCON
  -------         ENDMOD        DISCON

  -------         MODULE        DELAY
  C:0000H         SYMBOL        _ICE_DUMMY_
  B:00C0H.3       PUBLIC        TB81
  B:00C0H.7       PUBLIC        SM01
  B:00C0H.6       PUBLIC        SM11
  B:00E8H.1       PUBLIC        EI2C
  B:00D0H.6       PUBLIC        AC
  B:00C0H.5       PUBLIC        SM21
  B:00A8H.7       PUBLIC        EA
  B:00B0H.0       PUBLIC        APTR1FZ
  B:00B0H.1       PUBLIC        APTR2FZ
  B:00F8H.1       PUBLIC        PI2C
BL51 BANKED LINKER/LOCATER V5.03                                                      03/14/2014  17:09:35  PAGE 31


  B:00D0H.1       PUBLIC        FL
  B:00C8H.6       PUBLIC        EXF2
  B:00C0H.4       PUBLIC        REN1
  B:0098H.0       PUBLIC        RI
  B:00D0H.7       PUBLIC        CY
  B:0098H.1       PUBLIC        TI
  B:00D8H.3       PUBLIC        INT6
  B:00D0H.2       PUBLIC        OV
  B:00C8H.1       PUBLIC        C_T2
  B:00C8H.5       PUBLIC        RCLK
  B:00C8H.4       PUBLIC        TCLK
  B:00E8H.0       PUBLIC        EUSB
  B:00D8H.4       PUBLIC        RESI
  B:00A8H.7       PUBLIC        EXTACC
  B:00F8H.0       PUBLIC        PUSB
  C:074FH         PUBLIC        _EZUSB_Delay
  B:0088H.1       PUBLIC        IE0
  B:0088H.3       PUBLIC        IE1
  B:00C8H.0       PUBLIC        CP_RL2
  B:00A8H.4       PUBLIC        ES0
  B:00A8H.6       PUBLIC        ES1
  B:00A8H.1       PUBLIC        ET0
  B:00A8H.3       PUBLIC        ET1
  B:0088H.5       PUBLIC        TF0
  B:00A8H.5       PUBLIC        ET2
  B:0088H.7       PUBLIC        TF1
  B:00C8H.7       PUBLIC        TF2
  B:00C0H.0       PUBLIC        RI1
  B:0098H.2       PUBLIC        RB8
  B:00A8H.0       PUBLIC        EX0
  B:0088H.0       PUBLIC        IT0
  B:00C0H.1       PUBLIC        TI1
  B:00A8H.2       PUBLIC        EX1
  B:0098H.3       PUBLIC        TB8
  B:0088H.2       PUBLIC        IT1
  B:00D0H.0       PUBLIC        P
  B:0098H.7       PUBLIC        SM0
  B:0098H.6       PUBLIC        SM1
  B:0098H.5       PUBLIC        SM2
  B:00B8H.4       PUBLIC        PS0
  B:00B8H.6       PUBLIC        PS1
  B:00B8H.1       PUBLIC        PT0
  B:00D0H.3       PUBLIC        RS0
  B:00B8H.3       PUBLIC        PT1
  B:00D0H.4       PUBLIC        RS1
  B:00B8H.5       PUBLIC        PT2
  B:0088H.4       PUBLIC        TR0
  B:0088H.6       PUBLIC        TR1
  B:00C8H.2       PUBLIC        TR2
  B:00B8H.0       PUBLIC        PX0
  B:00B8H.2       PUBLIC        PX1
  B:00E8H.2       PUBLIC        EIEX4
  B:00E8H.3       PUBLIC        EIEX5
  B:00E8H.4       PUBLIC        EIEX6
  B:00C8H.3       PUBLIC        EXEN2
  B:0080H.6       PUBLIC        SEL
  B:00D8H.7       PUBLIC        SMOD1
BL51 BANKED LINKER/LOCATER V5.03                                                      03/14/2014  17:09:35  PAGE 32


  B:0098H.4       PUBLIC        REN
  B:00F8H.2       PUBLIC        EIPX4
  B:00F8H.3       PUBLIC        EIPX5
  B:00F8H.4       PUBLIC        EIPX6
  B:00D0H.5       PUBLIC        F0
  B:00D8H.5       PUBLIC        ERESI
  B:00C0H.2       PUBLIC        RB81
  -------         PROC          _EZUSB_DELAY
  D:0019H         SYMBOL        ms
  C:074FH         LINE#         5
  C:0753H         LINE#         6
  C:0753H         LINE#         12
  C:075BH         LINE#         13
  C:076DH         LINE#         14
  C:0777H         LINE#         15
  C:0782H         LINE#         17
  C:078FH         LINE#         18
  C:0794H         LINE#         19
  -------         ENDPROC       _EZUSB_DELAY
  -------         ENDMOD        DELAY

  -------         MODULE        EZREGS
  C:0000H         SYMBOL        _ICE_DUMMY_
  X:E652H         PUBLIC        EP4FIFOIE
  B:00C0H.3       PUBLIC        TB81
  X:E668H         PUBLIC        INTSETUP
  X:E600H         PUBLIC        CPUCS
  X:E654H         PUBLIC        EP6FIFOIE
  B:00C0H.7       PUBLIC        SM01
  X:E680H         PUBLIC        USBCS
  B:00C0H.6       PUBLIC        SM11
  X:E65FH         PUBLIC        EPIRQ
  X:E656H         PUBLIC        EP8FIFOIE
  B:00E8H.1       PUBLIC        EI2C
  B:00D0H.6       PUBLIC        AC
  B:00C0H.5       PUBLIC        SM21
  B:00A8H.7       PUBLIC        EA
  X:E6F2H         PUBLIC        XGPIFSGLDATLNOX
  X:E6C0H         PUBLIC        GPIFWFSELECT
  B:00B0H.0       PUBLIC        APTR1FZ
  X:E6F0H         PUBLIC        XGPIFSGLDATH
  B:00B0H.1       PUBLIC        APTR2FZ
  X:E605H         PUBLIC        BREAKPT
  B:00F8H.1       PUBLIC        PI2C
  X:E609H         PUBLIC        FIFOPINPOLAR
  X:E640H         PUBLIC        EP2ISOINPKTS
  B:00D0H.1       PUBLIC        FL
  X:E678H         PUBLIC        I2CS
  X:E610H         PUBLIC        EP1OUTCFG
  X:E6F9H         PUBLIC        TESTCFG
  X:E641H         PUBLIC        EP4ISOINPKTS
  X:E68AH         PUBLIC        EP0BCH
  X:E661H         PUBLIC        GPIFIRQ
  X:E642H         PUBLIC        EP6ISOINPKTS
  B:00C8H.6       PUBLIC        EXF2
  X:E690H         PUBLIC        EP2BCH
  B:00C0H.4       PUBLIC        REN1
BL51 BANKED LINKER/LOCATER V5.03                                                      03/14/2014  17:09:35  PAGE 33


  X:E643H         PUBLIC        EP8ISOINPKTS
  X:E694H         PUBLIC        EP4BCH
  X:E68BH         PUBLIC        EP0BCL
  X:E612H         PUBLIC        EP2CFG
  X:E698H         PUBLIC        EP6BCH
  X:E691H         PUBLIC        EP2BCL
  B:0098H.0       PUBLIC        RI
  X:E613H         PUBLIC        EP4CFG
  B:00D0H.7       PUBLIC        CY
  X:E6A7H         PUBLIC        EP2FIFOFLGS
  X:E69CH         PUBLIC        EP8BCH
  X:E695H         PUBLIC        EP4BCL
  B:0098H.1       PUBLIC        TI
  X:E614H         PUBLIC        EP6CFG
  X:E6A8H         PUBLIC        EP4FIFOFLGS
  X:E699H         PUBLIC        EP6BCL
  X:E780H         PUBLIC        EP1OUTBUF
  X:E67BH         PUBLIC        XAUTODAT1
  X:E615H         PUBLIC        EP8CFG
  X:E6A9H         PUBLIC        EP6FIFOFLGS
  X:E69DH         PUBLIC        EP8BCL
  X:E67CH         PUBLIC        XAUTODAT2
  X:E684H         PUBLIC        USBFRAMEH
  B:00D8H.3       PUBLIC        INT6
[...]
  B:00E8H.4       PUBLIC        EIEX6
  X:E6A5H         PUBLIC        EP6CS
  B:00C8H.3       PUBLIC        EXEN2
  B:0080H.6       PUBLIC        SEL
  X:E6A6H         PUBLIC        EP8CS
  X:E68FH         PUBLIC        EP1INBC
  X:E662H         PUBLIC        USBERRIE
  B:00D8H.7       PUBLIC        SMOD1
  B:0098H.4       PUBLIC        REN
  X:E6C8H         PUBLIC        FLOWEQ0CTL
  X:E6C9H         PUBLIC        FLOWEQ1CTL
  X:E682H         PUBLIC        WAKEUPCS
  X:E6F1H         PUBLIC        XGPIFSGLDATLX
  X:E658H         PUBLIC        IBNIE
  X:E686H         PUBLIC        MICROFRAME
  X:E65AH         PUBLIC        NAKIE
  B:00F8H.2       PUBLIC        EIPX4
  B:00F8H.3       PUBLIC        EIPX5
  B:00F8H.4       PUBLIC        EIPX6
  X:E6B8H         PUBLIC        SETUPDAT
  X:E6F3H         PUBLIC        GPIFREADYCFG
  B:00D0H.5       PUBLIC        F0
  X:E6A2H         PUBLIC        EP1INCS
  X:E606H         PUBLIC        BPADDRH
  B:00D8H.5       PUBLIC        ERESI
  X:E65CH         PUBLIC        USBIE
  X:E60AH         PUBLIC        REVID
  X:E607H         PUBLIC        BPADDRL
  X:E650H         PUBLIC        EP2FIFOIE
  B:00C0H.2       PUBLIC        RB81
  -------         ENDMOD        EZREGS

  -------         MODULE        GET_STRD
  C:0000H         SYMBOL        _ICE_DUMMY_
  C:0979H         PUBLIC        _EZUSB_GetStringDscr
  -------         PROC          _EZUSB_GETSTRINGDSCR
  D:0001H         SYMBOL        StrIdx
  -------         DO            
  D:0006H         SYMBOL        dscr
  -------         ENDDO         
  C:0979H         LINE#         4
  C:097BH         LINE#         5
  C:097BH         LINE#         8
BL51 BANKED LINKER/LOCATER V5.03                                                      03/14/2014  17:09:35  PAGE 37


  C:097FH         LINE#         10
  C:0989H         LINE#         11
  C:0989H         LINE#         12
  C:098FH         LINE#         13
  C:0990H         LINE#         14
  C:099EH         LINE#         15
  C:09A0H         LINE#         17
  C:09A4H         LINE#         18
  -------         ENDPROC       _EZUSB_GETSTRINGDSCR
  -------         ENDMOD        GET_STRD

  -------         MODULE        DELAY1MS
  C:09A5H         SEGMENT       EZUSB
  C:09B9H         PUBLIC        EZUSB_DELAY1MS
  B:00D0H.6       SYMBOL        AC
  D:00E0H         SYMBOL        ACC
  D:009AH         SYMBOL        APTR1H
  D:009BH         SYMBOL        APTR1L
  D:009AH         SYMBOL        AUTOPTR1H
  D:009BH         SYMBOL        AUTOPTR1L
  D:009DH         SYMBOL        AUTOPTRH2
  D:009EH         SYMBOL        AUTOPTRL2
  D:00AFH         SYMBOL        AUTOPTRSETUP
  D:00F0H         SYMBOL        B
  X:E606H         SYMBOL        BPADDRH
  X:E607H         SYMBOL        BPADDRL
  X:E605H         SYMBOL        BREAKPT
  D:008EH         SYMBOL        CKCON
  X:E665H         SYMBOL        CLRERRCNT
  X:E600H         SYMBOL        CPUCS
  B:00C8H.0       SYMBOL        CP_RL2
  X:E6FBH         SYMBOL        CT1
  X:E6FCH         SYMBOL        CT2
  X:E6FDH         SYMBOL        CT3
  X:E6FEH         SYMBOL        CT4
  B:00D0H.7       SYMBOL        CY
  B:00C8H.1       SYMBOL        C_T2
  X:E6F8H         SYMBOL        DBUG
  N:0000H         SYMBOL        DELAY1MS
  D:0083H         SYMBOL        DPH
  D:0085H         SYMBOL        DPH1
  D:0082H         SYMBOL        DPL
  D:0084H         SYMBOL        DPL1
  D:0086H         SYMBOL        DPS
  B:00A8H.7       SYMBOL        EA
  B:00E8H.1       SYMBOL        EI2C
  D:00D8H         SYMBOL        EICON
  D:00E8H         SYMBOL        EIE
  B:00E8H.2       SYMBOL        EIEX4
  B:00E8H.3       SYMBOL        EIEX5
  B:00E8H.4       SYMBOL        EIEX6
  D:00F8H         SYMBOL        EIP
  B:00F8H.2       SYMBOL        EIPX4
  B:00F8H.3       SYMBOL        EIPX5
  B:00F8H.4       SYMBOL        EIPX6
  D:00BAH         SYMBOL        EP01STAT
  X:E68AH         SYMBOL        EP0BCH
BL51 BANKED LINKER/LOCATER V5.03                                                      03/14/2014  17:09:35  PAGE 38


  X:E68BH         SYMBOL        EP0BCL
  X:E740H         SYMBOL        EP0BUF
  X:E6A0H         SYMBOL        EP0CS
  X:E780H         SYMBOL        EP10UTBUF
  X:E68FH         SYMBOL        EP1INBC
  X:E7C0H         SYMBOL        EP1INBUF
  X:E611H         SYMBOL        EP1INCFG
  X:E6A2H         SYMBOL        EP1INCS
  X:E68DH         SYMBOL        EP1OUTBC
  X:E610H         SYMBOL        EP1OUTCFG
  X:E6A1H         SYMBOL        EP1OUTCS
  D:00AAH         SYMBOL        EP2468STAT
  D:00ABH         SYMBOL        EP24FIFOFLGS
  X:E620H         SYMBOL        EP2AUTOINLENH
  X:E621H         SYMBOL        EP2AUTOINLENL
  X:E690H         SYMBOL        EP2BCH
  X:E691H         SYMBOL        EP2BCL
  X:E612H         SYMBOL        EP2CFG
  X:E6A3H         SYMBOL        EP2CS
  X:E6ABH         SYMBOL        EP2FIFOBCH
  X:E6ACH         SYMBOL        EP2FIFOBCL
  X:F000H         SYMBOL        EP2FIFOBUF
  X:E618H         SYMBOL        EP2FIFOCFG
  X:E6A7H         SYMBOL        EP2FIFOFLGS
  X:E650H         SYMBOL        EP2FIFOIE
  X:E651H         SYMBOL        EP2FIFOIRQ
  X:E630H         SYMBOL        EP2FIFOPFH
  X:E631H         SYMBOL        EP2FIFOPFL
  X:E6D2H         SYMBOL        EP2GPIFFLGSEL
  X:E6D3H         SYMBOL        EP2GPIFPFSTOP
  X:E6D0H         SYMBOL        EP2GPIFTCH
  X:E6D1H         SYMBOL        EP2GPIFTCL
  X:E6D4H         SYMBOL        EP2GPIFTRIG
  X:E640H         SYMBOL        EP2ISOINPKTS
  X:E622H         SYMBOL        EP4AUTOINLENH
  X:E623H         SYMBOL        EP4AUTOINLENL
  X:E694H         SYMBOL        EP4BCH
  X:E695H         SYMBOL        EP4BCL
  X:E613H         SYMBOL        EP4CFG
  X:E6A4H         SYMBOL        EP4CS
  X:E6ADH         SYMBOL        EP4FIFOBCH
  X:E6AEH         SYMBOL        EP4FIFOBCL
  X:F400H         SYMBOL        EP4FIFOBUF
  X:E619H         SYMBOL        EP4FIFOCFG
  X:E6A8H         SYMBOL        EP4FIFOFLGS
  X:E652H         SYMBOL        EP4FIFOIE
  X:E653H         SYMBOL        EP4FIFOIRQ
  X:E632H         SYMBOL        EP4FIFOPFH
  X:E633H         SYMBOL        EP4FIFOPFL
  X:E6DAH         SYMBOL        EP4GPIFFLGSEL
  X:E6DBH         SYMBOL        EP4GPIFPFSTOP
  X:E6D0H         SYMBOL        EP4GPIFTCH
  X:E6D1H         SYMBOL        EP4GPIFTCL
  X:E6DCH         SYMBOL        EP4GPIFTRIG
  X:E641H         SYMBOL        EP4ISOINPKTS
  D:00ACH         SYMBOL        EP68FIFOFLGS
  X:E624H         SYMBOL        EP6AUTOINLENH
BL51 BANKED LINKER/LOCATER V5.03                                                      03/14/2014  17:09:35  PAGE 39


  X:E625H         SYMBOL        EP6AUTOINLENL
  X:E698H         SYMBOL        EP6BCH
  X:E699H         SYMBOL        EP6BCL
  X:E614H         SYMBOL        EP6CFG
  X:E6A5H         SYMBOL        EP6CS
  X:E6AFH         SYMBOL        EP6FIFOBCH
  X:E6B0H         SYMBOL        EP6FIFOBCL
  X:F800H         SYMBOL        EP6FIFOBUF
  X:E61AH         SYMBOL        EP6FIFOCFG
  X:E6A9H         SYMBOL        EP6FIFOFLGS
  X:E654H         SYMBOL        EP6FIFOIE
  X:E655H         SYMBOL        EP6FIFOIRQ
  X:E634H         SYMBOL        EP6FIFOPFH
  X:E635H         SYMBOL        EP6FIFOPFL
  X:E6E2H         SYMBOL        EP6GPIFFLGSEL
  X:E6E3H         SYMBOL        EP6GPIFPFSTOP
  X:E6D0H         SYMBOL        EP6GPIFTCH
  X:E6D1H         SYMBOL        EP6GPIFTCL
  X:E6E4H         SYMBOL        EP6GPIFTRIG
  X:E642H         SYMBOL        EP6ISOINPKTS
  X:E626H         SYMBOL        EP8AUTOINLENH
  X:E627H         SYMBOL        EP8AUTOINLENL
  X:E69CH         SYMBOL        EP8BCH
  X:E69DH         SYMBOL        EP8BCL
  X:E615H         SYMBOL        EP8CFG
  X:E6A6H         SYMBOL        EP8CS
  X:E6B1H         SYMBOL        EP8FIFOBCH
  X:E6B2H         SYMBOL        EP8FIFOBCL
  X:FC00H         SYMBOL        EP8FIFOBUF
  X:E61BH         SYMBOL        EP8FIFOCFG
  X:E6AAH         SYMBOL        EP8FIFOFLGS
  X:E656H         SYMBOL        EP8FIFOIE
  X:E657H         SYMBOL        EP8FIFOIRQ
  X:E636H         SYMBOL        EP8FIFOPFH
  X:E637H         SYMBOL        EP8FIFOPFL
  X:E6EAH         SYMBOL        EP8GPIFFLGSEL
  X:E6EBH         SYMBOL        EP8GPIFPFSTOP
  X:E6D0H         SYMBOL        EP8GPIFTCH
  X:E6D1H         SYMBOL        EP8GPIFTCL
  X:E6ECH         SYMBOL        EP8GPIFTRIG
  X:E643H         SYMBOL        EP8ISOINPKTS
  X:E65EH         SYMBOL        EPIE
  X:E65FH         SYMBOL        EPIRQ
  B:00D8H.5       SYMBOL        ERESI
  X:E664H         SYMBOL        ERRCNTLIM
  C:09C9H         SYMBOL        ER_END
  B:00A8H.4       SYMBOL        ES0
  B:00A8H.6       SYMBOL        ES1
  B:00A8H.1       SYMBOL        ET0
  B:00A8H.3       SYMBOL        ET1
  B:00A8H.5       SYMBOL        ET2
  B:00E8H.0       SYMBOL        EUSB
  B:00A8H.0       SYMBOL        EX0
  B:00A8H.2       SYMBOL        EX1
  B:00C8H.3       SYMBOL        EXEN2
  B:00C8H.6       SYMBOL        EXF2
  D:0091H         SYMBOL        EXIF
BL51 BANKED LINKER/LOCATER V5.03                                                      03/14/2014  17:09:35  PAGE 40


  X:E67BH         SYMBOL        EXTAUTODAT1
  X:E67CH         SYMBOL        EXTAUTODAT2
  B:00D0H.5       SYMBOL        F0
  X:E609H         SYMBOL        FIFOPINPOLAR
  X:E604H         SYMBOL        FIFORESET
  B:00D0H.1       SYMBOL        FL
  X:E6CCH         SYMBOL        FLOWEDGE
  X:E6C8H         SYMBOL        FLOWEQ0CTL
  X:E6C9H         SYMBOL        FLOWEQ1CTL
  X:E6C7H         SYMBOL        FLOWLOGIC
  X:E6C6H         SYMBOL        FLOWSTATE
  X:E6CBH         SYMBOL        FLOWSTB
  X:E6CDH         SYMBOL        FLOWSTBHPERIOD
  X:E687H         SYMBOL        FNADDR
  X:E6F5H         SYMBOL        GPIFABORT
  X:E6C4H         SYMBOL        GPIFADRH
  X:E6C5H         SYMBOL        GPIFADRL
  X:E6C3H         SYMBOL        GPIFCTLCFG
  X:E60CH         SYMBOL        GPIFHOLDAMOUNT
  X:E6C1H         SYMBOL        GPIFIDLECS
  X:E6C2H         SYMBOL        GPIFIDLECTL
  X:E660H         SYMBOL        GPIFIE
  X:E661H         SYMBOL        GPIFIRQ
  X:E6F3H         SYMBOL        GPIFREADYCFG
  X:E6F4H         SYMBOL        GPIFREADYSTAT
  D:00BDH         SYMBOL        GPIFSGLDATH
  D:00BFH         SYMBOL        GPIFSGLDATLNOX
  D:00BEH         SYMBOL        GPIFSGLDATLX
  X:E6D1H         SYMBOL        GPIFTCB0
  X:E6D0H         SYMBOL        GPIFTCB1
  X:E6CFH         SYMBOL        GPIFTCB2
  X:E6CEH         SYMBOL        GPIFTCB3
  D:00BBH         SYMBOL        GPIFTRIG
  X:E6C0H         SYMBOL        GPIFWFSELECT
  X:E400H         SYMBOL        GPIF_WAVE_DATA
  X:E678H         SYMBOL        I2CS
  X:E67AH         SYMBOL        I2CTL
  X:E679H         SYMBOL        I2DAT
  X:E658H         SYMBOL        IBNIE
  X:E659H         SYMBOL        IBNIRQ
  D:00A8H         SYMBOL        IE
  B:0088H.1       SYMBOL        IE0
  B:0088H.3       SYMBOL        IE1
  X:E601H         SYMBOL        IFCONFIG
  X:E648H         SYMBOL        INPKTEND
  D:00A1H         SYMBOL        INT2CLR
  X:E666H         SYMBOL        INT2IVEC
  D:00A2H         SYMBOL        INT4CLR
  X:E667H         SYMBOL        INT4IVEC
  B:00D8H.3       SYMBOL        INT6
  X:E668H         SYMBOL        INTSETUP
  D:0080H         SYMBOL        IOA
  D:0090H         SYMBOL        IOB
  D:00A0H         SYMBOL        IOC
  D:00B0H         SYMBOL        IOD
  D:00B1H         SYMBOL        IOE
  D:00B8H         SYMBOL        IP
BL51 BANKED LINKER/LOCATER V5.03                                                      03/14/2014  17:09:35  PAGE 41


  B:0088H.0       SYMBOL        IT0
  B:0088H.2       SYMBOL        IT1
  C:09C2H         SYMBOL        LOOP
  X:E686H         SYMBOL        MICROFRAME
  D:0092H         SYMBOL        MPAGE
  X:E65AH         SYMBOL        NAKIE
  X:E65BH         SYMBOL        NAKIRQ
  D:00B2H         SYMBOL        OEA
  D:00B3H         SYMBOL        OEB
  D:00B4H         SYMBOL        OEC
  D:00B5H         SYMBOL        OED
  D:00B6H         SYMBOL        OEE
  X:E649H         SYMBOL        OUTPKTEND
  B:00D0H.2       SYMBOL        OV
  B:00D0H.0       SYMBOL        P
  D:0087H         SYMBOL        PCON
  B:00F8H.1       SYMBOL        PI2C
  X:E602H         SYMBOL        PINFLAGSAB
  X:E603H         SYMBOL        PINFLAGSCD
  X:E670H         SYMBOL        PORTACFG
  X:E671H         SYMBOL        PORTCCFG
  X:E672H         SYMBOL        PORTECFG
  B:00B8H.4       SYMBOL        PS0
  B:00B8H.6       SYMBOL        PS1
  D:00D0H         SYMBOL        PSW
  B:00B8H.1       SYMBOL        PT0
  B:00B8H.3       SYMBOL        PT1
  B:00B8H.5       SYMBOL        PT2
  B:00F8H.0       SYMBOL        PUSB
  B:00B8H.0       SYMBOL        PX0
  B:00B8H.2       SYMBOL        PX1
  B:0098H.2       SYMBOL        RB8
  B:00C0H.2       SYMBOL        RB81
  D:00CBH         SYMBOL        RCAP2H
  D:00CAH         SYMBOL        RCAP2L
  B:00C8H.5       SYMBOL        RCLK
  B:0098H.4       SYMBOL        REN
  B:00C0H.4       SYMBOL        REN1
  B:00D8H.4       SYMBOL        RESI
  X:E480H         SYMBOL        RES_WAVEDATA_END
  X:E60BH         SYMBOL        REVCTL
  X:E60AH         SYMBOL        REVID
  B:0098H.0       SYMBOL        RI
  B:00C0H.0       SYMBOL        RI1
  B:00D0H.3       SYMBOL        RS0
  B:00D0H.4       SYMBOL        RS1
  D:0099H         SYMBOL        SBUF0
  D:00C1H         SYMBOL        SBUF1
  D:0098H         SYMBOL        SCON0
  D:00C0H         SYMBOL        SCON1
  B:0080H.6       SYMBOL        SEL
  X:E6B8H         SYMBOL        SETUPDAT
  B:0098H.7       SYMBOL        SM0
  B:00C0H.7       SYMBOL        SM01
  B:0098H.6       SYMBOL        SM1
  B:00C0H.6       SYMBOL        SM11
  B:0098H.5       SYMBOL        SM2
BL51 BANKED LINKER/LOCATER V5.03                                                      03/14/2014  17:09:35  PAGE 42


  B:00C0H.5       SYMBOL        SM21
  B:00D8H.7       SYMBOL        SMOD1
  D:0081H         SYMBOL        SP
  X:E6B5H         SYMBOL        SUDPTRCTL
  X:E6B3H         SYMBOL        SUDPTRH
  X:E6B4H         SYMBOL        SUDPTRL
  X:E681H         SYMBOL        SUSPEND
  D:00C8H         SYMBOL        T2CON
  B:0098H.3       SYMBOL        TB8
  B:00C0H.3       SYMBOL        TB81
  B:00C8H.4       SYMBOL        TCLK
  D:0088H         SYMBOL        TCON
  X:E6F9H         SYMBOL        TESTCFG
  B:0088H.5       SYMBOL        TF0
  B:0088H.7       SYMBOL        TF1
  B:00C8H.7       SYMBOL        TF2
  D:008CH         SYMBOL        TH0
  D:008DH         SYMBOL        TH1
  D:00CDH         SYMBOL        TH2
  B:0098H.1       SYMBOL        TI
  B:00C0H.1       SYMBOL        TI1
  D:008AH         SYMBOL        TL0
  D:008BH         SYMBOL        TL1
  D:00CCH         SYMBOL        TL2
  D:0089H         SYMBOL        TMOD
  X:E683H         SYMBOL        TOGCTL
  B:0088H.4       SYMBOL        TR0
  B:0088H.6       SYMBOL        TR1
  B:00C8H.2       SYMBOL        TR2
  X:E608H         SYMBOL        UART230
  X:E67DH         SYMBOL        UDMACRCH
  X:E67EH         SYMBOL        UDMACRCL
  X:E67FH         SYMBOL        UDMACRCQUAL
  X:E680H         SYMBOL        USBCS
  X:E662H         SYMBOL        USBERRIE
  X:E663H         SYMBOL        USBERRIRQ
  X:E684H         SYMBOL        USBFRAMEH
  X:E685H         SYMBOL        USBFRAMEL
  X:E65CH         SYMBOL        USBIE
  X:E65DH         SYMBOL        USBIRQ
  X:E6FAH         SYMBOL        USBTEST
  X:E682H         SYMBOL        WAKEUPCS
  X:E6F0H         SYMBOL        XGPIFSGLDATH
  X:E6F2H         SYMBOL        XGPIFSGLDATLNOX
  X:E6F1H         SYMBOL        XGPIFSGLDATLX
  C:09B9H         LINE#         14
  C:09BBH         LINE#         15
  C:09BDH         LINE#         16
  C:09C0H         LINE#         17
  C:09C2H         LINE#         19
  C:09C3H         LINE#         20
  C:09C5H         LINE#         21
  C:09C7H         LINE#         22
  C:09C9H         LINE#         24
  -------         ENDMOD        DELAY1MS

  -------         MODULE        USBJMPTBL
BL51 BANKED LINKER/LOCATER V5.03                                                      03/14/2014  17:09:35  PAGE 43


  C:0800H         SEGMENT       ?PR?USB_JUMP_TABLE?USBJT
  N:0045H         PUBLIC        USB_INT2AUTOVECTOR
  N:0055H         PUBLIC        USB_INT4AUTOVECTOR
  C:0800H         PUBLIC        USB_JUMP_TABLE
  N:0000H         SYMBOL        USBJMPTBL
  C:0043H         LINE#         15
  C:0053H         LINE#         19
  C:0800H         LINE#         27
  C:0804H         LINE#         29
  C:0808H         LINE#         31
  C:080CH         LINE#         33
  C:0810H         LINE#         35
  C:0814H         LINE#         37
  C:0818H         LINE#         39
  C:081CH         LINE#         41
  C:0820H         LINE#         43
  C:0824H         LINE#         45
  C:0828H         LINE#         47
  C:082CH         LINE#         49
  C:0830H         LINE#         51
  C:0834H         LINE#         53
  C:0838H         LINE#         55
  C:083CH         LINE#         57
  C:0840H         LINE#         59
  C:0844H         LINE#         61
  C:0848H         LINE#         63
  C:084CH         LINE#         65
  C:0850H         LINE#         67
  C:0854H         LINE#         69
  C:0858H         LINE#         71
  C:085CH         LINE#         73
  C:0860H         LINE#         75
  C:0864H         LINE#         77
  C:0868H         LINE#         79
  C:086CH         LINE#         81
  C:0870H         LINE#         83
  C:0874H         LINE#         85
  C:0878H         LINE#         87
  C:087CH         LINE#         89
  C:0880H         LINE#         92
  C:0884H         LINE#         94
  C:0888H         LINE#         96
  C:088CH         LINE#         98
  C:0890H         LINE#         100
  C:0894H         LINE#         102
  C:0898H         LINE#         104
  C:089CH         LINE#         106
  C:08A0H         LINE#         108
  C:08A4H         LINE#         110
  C:08A8H         LINE#         112
  C:08ACH         LINE#         114
  C:08B0H         LINE#         116
  C:08B4H         LINE#         118
  -------         ENDMOD        USBJMPTBL

  -------         MODULE        DSCR
  C:0090H         PUBLIC        DEVICEDSCR
BL51 BANKED LINKER/LOCATER V5.03                                                      03/14/2014  17:09:35  PAGE 44


  C:00A2H         PUBLIC        DEVICEQUALDSCR
  C:00CCH         PUBLIC        FULLSPEEDCONFIGDSCR
  C:00ACH         PUBLIC        HIGHSPEEDCONFIGDSCR
  C:00ECH         PUBLIC        STRINGDSCR
  C:0118H         PUBLIC        USERDSCR
  N:0002H         SYMBOL        DSCR_CONFIG
  N:0009H         SYMBOL        DSCR_CONFIG_LEN
  N:0001H         SYMBOL        DSCR_DEVICE
  N:0012H         SYMBOL        DSCR_DEVICE_LEN
  N:0006H         SYMBOL        DSCR_DEVQUAL
  N:000AH         SYMBOL        DSCR_DEVQUAL_LEN
  N:0005H         SYMBOL        DSCR_ENDPNT
  N:0007H         SYMBOL        DSCR_ENDPNT_LEN
  N:0004H         SYMBOL        DSCR_INTRFC
  N:0009H         SYMBOL        DSCR_INTRFC_LEN
  N:0003H         SYMBOL        DSCR_STRING
  N:0002H         SYMBOL        ET_BULK
  N:0000H         SYMBOL        ET_CONTROL
  N:0003H         SYMBOL        ET_INT
  N:0001H         SYMBOL        ET_ISO
  C:00ECH         SYMBOL        FULLSPEEDCONFIGDSCREND
  C:00CCH         SYMBOL        HIGHSPEEDCONFIGDSCREND
  C:00ECH         SYMBOL        STRINGDSCR0
  C:00F0H         SYMBOL        STRINGDSCR0END
  C:00F0H         SYMBOL        STRINGDSCR1
  C:0100H         SYMBOL        STRINGDSCR1END
  C:0100H         SYMBOL        STRINGDSCR2
  C:0118H         SYMBOL        STRINGDSCR2END
  -------         ENDMOD        DSCR

  -------         MODULE        ?C?ULCMP
  C:0A4AH         PUBLIC        ?C?ULCMP
  -------         ENDMOD        ?C?ULCMP

******************************************************************************
* RESTRICTED VERSION WITH 1000H BYTE CODE SIZE LIMIT; USED: 0A6EH BYTE (65%) *
******************************************************************************

Program Size: data=44.6 xdata=4464 code=2601
LINK/LOCATE RUN COMPLETE.  0 WARNING(S),  0 ERROR(S)
